
<html>
<head>
  <title>Interactive Routes - Golden_7.vrp</title>
  <script src='https://cdn.plot.ly/plotly-latest.min.js'></script>
</head>
<body>
  <h2>CVRP Routes: Golden_7.vrp (Cost: 10102.7)</h2>
  <div id='plot'>
    <div>                        <script type="text/javascript">window.PlotlyConfig = {MathJaxConfig: 'local'};</script>
        <script charset="utf-8" src="https://cdn.plot.ly/plotly-3.0.1.min.js"></script>                <div id="ee00e055-13cf-4680-9837-4eb2f5565262" class="plotly-graph-div" style="height:100%; width:100%;"></div>            <script type="text/javascript">                window.PLOTLYENV=window.PLOTLYENV || {};                                if (document.getElementById("ee00e055-13cf-4680-9837-4eb2f5565262")) {                    Plotly.newPlot(                        "ee00e055-13cf-4680-9837-4eb2f5565262",                        [{"mode":"lines+markers","name":"Route 1","visible":true,"x":[0.0,-25.9808,-51.9615,-77.9423,-103.923,-129.90379,-114.9067,-96.4181,-115.7018,-134.9854,-154.269,-173.5526,-192.8363,-229.81329,-206.832,-183.8506,-160.86929,-137.888,-155.8846,-181.8653,-207.8461,-233.8268,-259.80759,-281.90781,-253.717,-225.5262,-197.3354,-206.8096,-236.3539,-265.8981,-295.44229,-300.0,-270.0,-240.0,-210.0,-180.0,-150.0,-120.0,-90.0,-60.0,-29.5442,0.0],"y":[0.0,-15.0,-30.0,-45.0,-60.0,-75.0,-96.4182,-114.9067,-137.888,-160.8694,-183.85069,-206.832,-229.8134,-192.8363,-173.5527,-154.269,-134.9854,-115.7018,-90.0,-105.0,-120.0,-135.0,-150.0,-102.6061,-92.3455,-82.0849,-71.8242,-36.4661,-41.6756,-46.885,-52.0945,0.0,0.0,0.0,0.0,0.0,0.0,0.0,0.0,0.0,-5.2094,0.0],"type":"scatter"},{"mode":"lines+markers","name":"Route 2","visible":true,"x":[0.0,-22.9813,-45.9627,-68.944,-91.9253,-77.1345,-60.0,-75.0,-90.0,-105.0,-120.0,-135.0,-150.0,-102.606,-92.3454,-82.0848,-71.8242,-61.5636,-31.2566,-36.4661,-41.6755,-46.885,-52.0944,0.0,0.0,0.0,0.0,0.0,0.0,-26.0472,-51.303,-41.0424,-20.8378,0.0,20.8378,41.0424,30.7818,15.6283,0.0,-15.6283,-30.7818,-45.0,-57.8509,-38.5673,-30.0,-15.0,-19.2836,0.0],"y":[0.0,-19.2836,-38.5673,-57.8509,-77.1345,-91.9253,-103.9231,-129.90379,-155.8846,-181.8653,-207.8461,-233.8269,-259.80759,-281.90781,-253.717,-225.5262,-197.33549,-169.1447,-177.2654,-206.8096,-236.3539,-265.8981,-295.44229,-300.0,-270.0,-240.0,-210.0,-180.0,-150.0,-147.72121,-140.9539,-112.7631,-118.1769,-120.0,-118.1769,-112.7631,-84.5723,-88.6327,-90.0,-88.6327,-84.5723,-77.9423,-68.944,-45.9627,-51.9615,-25.9808,-22.9813,0.0],"type":"scatter"},{"mode":"lines+markers","name":"Route 3","visible":true,"x":[0.0,-10.2606,-20.5212,-10.4189,0.0,10.4189,20.5212,30.0,45.0,60.0,75.0,51.303,26.0472,31.2567,36.4661,41.6756,46.885,52.0945,102.6061,92.3455,82.0849,71.8243,61.5636,90.0,105.0,120.0,135.0,150.0,192.8363,173.5527,154.2691,134.9854,115.7018,96.4182,114.9067,91.9253,77.1345,57.8509,68.944,45.9627,38.5673,19.2836,15.0,10.2606,5.2094,0.0,-5.2094,0.0],"y":[0.0,-28.1908,-56.3816,-59.0885,-60.0,-59.0885,-56.3816,-51.9615,-77.9423,-103.923,-129.90379,-140.9539,-147.72121,-177.2654,-206.8096,-236.3539,-265.8981,-295.44229,-281.90781,-253.717,-225.5262,-197.3354,-169.1447,-155.8846,-181.8653,-207.8461,-233.8268,-259.80759,-229.81329,-206.832,-183.8506,-160.86929,-137.888,-114.9067,-96.4181,-77.1345,-91.9253,-68.944,-57.8509,-38.5672,-45.9627,-22.9813,-25.9808,-28.1908,-29.5442,-30.0,-29.5442,0.0],"type":"scatter"},{"mode":"lines+markers","name":"Route 4","visible":true,"x":[0.0,30.0,29.5442,28.1908,59.0885,56.3816,84.5723,112.7631,140.9539,169.1447,177.2654,206.8096,210.0,206.8096,236.3539,265.8981,295.44229,300.0,270.0,240.0,236.3539,265.8981,295.44229,281.90781,253.717,225.5262,197.33549,181.8654,207.8461,233.8269,259.80759,229.8134,206.832,183.85069,160.8694,137.888,155.8846,129.90379,103.9231,77.9423,51.9615,25.9808,22.9813,0.0],"y":[0.0,0.0,-5.2094,-10.2606,-10.4189,-20.5212,-30.7818,-41.0424,-51.303,-61.5636,-31.2566,-36.4661,0.0,36.4661,41.6756,46.885,52.0945,0.0,0.0,0.0,-41.6755,-46.885,-52.0944,-102.606,-92.3454,-82.0848,-71.8242,-105.0,-120.0,-135.0,-150.0,-192.8362,-173.5526,-154.269,-134.9854,-115.7018,-90.0,-75.0,-60.0,-45.0,-30.0,-15.0,-19.2836,0.0],"type":"scatter"},{"mode":"lines+markers","name":"Route 5","visible":true,"x":[0.0,19.2836,38.5673,45.9627,51.9615,56.3816,59.0885,88.6327,90.0,120.0,118.1769,147.72121,140.9539,129.90379,114.9067,96.4181,115.7018,134.9854,154.269,173.5526,192.8363,229.81329,206.832,183.85069,160.86929,137.888,155.8846,181.8653,207.8461,233.8269,259.80759,281.90781,253.717,225.5262,197.3354,169.1447,177.2654,180.0,150.0,147.72121,118.1769,88.6327,60.0,29.5442,28.1908,25.9808,22.9813,0.0],"y":[0.0,22.9813,45.9627,38.5673,30.0,20.5212,10.4189,15.6283,0.0,0.0,20.8378,26.0472,51.303,75.0,96.4181,114.9067,137.888,160.86929,183.85069,206.832,229.81329,192.8363,173.5527,154.269,134.9854,115.7018,90.0,105.0,120.0,135.0,150.0,102.606,92.3454,82.0848,71.8242,61.5636,31.2567,0.0,0.0,-26.0472,-20.8378,-15.6283,0.0,5.2094,10.2606,15.0,19.2836,0.0],"type":"scatter"},{"mode":"lines+markers","name":"Route 6","visible":true,"x":[0.0,10.2606,15.0,30.0,20.5212,30.7818,45.0,57.8509,68.944,77.9423,84.5723,112.7631,103.923,91.9253,77.1345,60.0,75.0,90.0,105.0,120.0,135.0,150.0,102.606,92.3454,82.0848,71.8242,61.5636,31.2567,36.4661,41.6756,46.885,52.0944,0.0,0.0,0.0,0.0,0.0,0.0,26.0472,51.303,41.0424,20.8378,0.0,0.0,15.6283,10.4189,5.2094,0.0],"y":[0.0,28.1908,25.9808,51.9615,56.3816,84.5723,77.9423,68.944,57.8509,45.0,30.7818,41.0424,60.0,77.1345,91.9253,103.923,129.90379,155.8846,181.8653,207.8461,233.8269,259.80759,281.90781,253.717,225.5262,197.3354,169.1447,177.2654,206.8096,236.3539,265.8981,295.44229,300.0,270.0,240.0,210.0,180.0,150.0,147.72121,140.9539,112.7631,118.1769,120.0,90.0,88.6327,59.0885,29.5442,0.0],"type":"scatter"},{"mode":"lines+markers","name":"Route 7","visible":true,"x":[0.0,-5.2094,0.0,0.0,-10.4189,-15.6283,-20.8378,-41.0424,-51.303,-26.0472,-31.2567,-36.4661,-41.6756,-46.885,-52.0945,-102.6061,-92.3455,-82.0848,-71.8242,-61.5636,-90.0,-105.0,-120.0,-135.0,-150.0,-192.8363,-173.5527,-154.269,-134.9854,-115.7018,-96.4182,-75.0,-60.0,-77.1345,-91.9253,-103.923,-112.7631,-84.5723,-77.9423,-68.944,-57.8509,-45.0,-30.7818,-20.5212,-30.0,-15.0,-10.2606,0.0],"y":[0.0,29.5442,30.0,60.0,59.0885,88.6327,118.1769,112.7631,140.9539,147.72121,177.2654,206.8096,236.3539,265.8981,295.44229,281.90781,253.717,225.5262,197.3354,169.1447,155.8846,181.8653,207.8461,233.8269,259.80759,229.81329,206.832,183.85069,160.86929,137.888,114.9067,129.90379,103.923,91.9253,77.1345,60.0,41.0424,30.7818,45.0,57.8509,68.944,77.9423,84.5723,56.3816,51.9615,25.9808,28.1908,0.0],"type":"scatter"},{"mode":"lines+markers","name":"Route 8","visible":true,"x":[0.0,-28.1908,-56.3816,-59.0885,-88.6327,-84.5723,-112.7631,-118.1769,-147.72121,-140.9539,-169.1447,-177.2654,-177.2654,-206.8096,-236.3539,-265.8981,-295.44229,-281.90781,-253.717,-225.5262,-197.3354,-169.1447,-155.8846,-181.8653,-207.8461,-233.8269,-259.80759,-229.81329,-206.832,-183.85069,-160.86929,-137.888,-114.9067,-129.90379,-140.9539,-147.72121,-118.1769,-88.6327,-59.0885,-56.3816,-51.9615,-45.9627,-38.5673,-19.2836,-22.9813,-25.9808,-28.1908,-29.5442,-30.0,0.0],"y":[0.0,-10.2606,-20.5212,-10.4189,-15.6283,-30.7818,-41.0424,-20.8378,-26.0472,-51.303,-61.5636,-31.2567,31.2567,36.4661,41.6755,46.885,52.0944,102.606,92.3454,82.0848,71.8242,61.5636,90.0,105.0,120.0,135.0,150.0,192.8363,173.5526,154.269,134.9854,115.7018,96.4181,75.0,51.303,26.0472,20.8378,15.6283,10.4189,20.5212,30.0,38.5673,45.9627,22.9813,19.2836,15.0,10.2606,5.2094,0.0,0.0],"type":"scatter"},{"marker":{"color":"red","size":12,"symbol":"star"},"mode":"markers","name":"Depot","visible":true,"x":[0.0],"y":[0.0],"type":"scatter"}],                        {"template":{"data":{"histogram2dcontour":[{"type":"histogram2dcontour","colorbar":{"outlinewidth":0,"ticks":""},"colorscale":[[0.0,"#0d0887"],[0.1111111111111111,"#46039f"],[0.2222222222222222,"#7201a8"],[0.3333333333333333,"#9c179e"],[0.4444444444444444,"#bd3786"],[0.5555555555555556,"#d8576b"],[0.6666666666666666,"#ed7953"],[0.7777777777777778,"#fb9f3a"],[0.8888888888888888,"#fdca26"],[1.0,"#f0f921"]]}],"choropleth":[{"type":"choropleth","colorbar":{"outlinewidth":0,"ticks":""}}],"histogram2d":[{"type":"histogram2d","colorbar":{"outlinewidth":0,"ticks":""},"colorscale":[[0.0,"#0d0887"],[0.1111111111111111,"#46039f"],[0.2222222222222222,"#7201a8"],[0.3333333333333333,"#9c179e"],[0.4444444444444444,"#bd3786"],[0.5555555555555556,"#d8576b"],[0.6666666666666666,"#ed7953"],[0.7777777777777778,"#fb9f3a"],[0.8888888888888888,"#fdca26"],[1.0,"#f0f921"]]}],"heatmap":[{"type":"heatmap","colorbar":{"outlinewidth":0,"ticks":""},"colorscale":[[0.0,"#0d0887"],[0.1111111111111111,"#46039f"],[0.2222222222222222,"#7201a8"],[0.3333333333333333,"#9c179e"],[0.4444444444444444,"#bd3786"],[0.5555555555555556,"#d8576b"],[0.6666666666666666,"#ed7953"],[0.7777777777777778,"#fb9f3a"],[0.8888888888888888,"#fdca26"],[1.0,"#f0f921"]]}],"contourcarpet":[{"type":"contourcarpet","colorbar":{"outlinewidth":0,"ticks":""}}],"contour":[{"type":"contour","colorbar":{"outlinewidth":0,"ticks":""},"colorscale":[[0.0,"#0d0887"],[0.1111111111111111,"#46039f"],[0.2222222222222222,"#7201a8"],[0.3333333333333333,"#9c179e"],[0.4444444444444444,"#bd3786"],[0.5555555555555556,"#d8576b"],[0.6666666666666666,"#ed7953"],[0.7777777777777778,"#fb9f3a"],[0.8888888888888888,"#fdca26"],[1.0,"#f0f921"]]}],"surface":[{"type":"surface","colorbar":{"outlinewidth":0,"ticks":""},"colorscale":[[0.0,"#0d0887"],[0.1111111111111111,"#46039f"],[0.2222222222222222,"#7201a8"],[0.3333333333333333,"#9c179e"],[0.4444444444444444,"#bd3786"],[0.5555555555555556,"#d8576b"],[0.6666666666666666,"#ed7953"],[0.7777777777777778,"#fb9f3a"],[0.8888888888888888,"#fdca26"],[1.0,"#f0f921"]]}],"mesh3d":[{"type":"mesh3d","colorbar":{"outlinewidth":0,"ticks":""}}],"scatter":[{"fillpattern":{"fillmode":"overlay","size":10,"solidity":0.2},"type":"scatter"}],"parcoords":[{"type":"parcoords","line":{"colorbar":{"outlinewidth":0,"ticks":""}}}],"scatterpolargl":[{"type":"scatterpolargl","marker":{"colorbar":{"outlinewidth":0,"ticks":""}}}],"bar":[{"error_x":{"color":"#2a3f5f"},"error_y":{"color":"#2a3f5f"},"marker":{"line":{"color":"#E5ECF6","width":0.5},"pattern":{"fillmode":"overlay","size":10,"solidity":0.2}},"type":"bar"}],"scattergeo":[{"type":"scattergeo","marker":{"colorbar":{"outlinewidth":0,"ticks":""}}}],"scatterpolar":[{"type":"scatterpolar","marker":{"colorbar":{"outlinewidth":0,"ticks":""}}}],"histogram":[{"marker":{"pattern":{"fillmode":"overlay","size":10,"solidity":0.2}},"type":"histogram"}],"scattergl":[{"type":"scattergl","marker":{"colorbar":{"outlinewidth":0,"ticks":""}}}],"scatter3d":[{"type":"scatter3d","line":{"colorbar":{"outlinewidth":0,"ticks":""}},"marker":{"colorbar":{"outlinewidth":0,"ticks":""}}}],"scattermap":[{"type":"scattermap","marker":{"colorbar":{"outlinewidth":0,"ticks":""}}}],"scattermapbox":[{"type":"scattermapbox","marker":{"colorbar":{"outlinewidth":0,"ticks":""}}}],"scatterternary":[{"type":"scatterternary","marker":{"colorbar":{"outlinewidth":0,"ticks":""}}}],"scattercarpet":[{"type":"scattercarpet","marker":{"colorbar":{"outlinewidth":0,"ticks":""}}}],"carpet":[{"aaxis":{"endlinecolor":"#2a3f5f","gridcolor":"white","linecolor":"white","minorgridcolor":"white","startlinecolor":"#2a3f5f"},"baxis":{"endlinecolor":"#2a3f5f","gridcolor":"white","linecolor":"white","minorgridcolor":"white","startlinecolor":"#2a3f5f"},"type":"carpet"}],"table":[{"cells":{"fill":{"color":"#EBF0F8"},"line":{"color":"white"}},"header":{"fill":{"color":"#C8D4E3"},"line":{"color":"white"}},"type":"table"}],"barpolar":[{"marker":{"line":{"color":"#E5ECF6","width":0.5},"pattern":{"fillmode":"overlay","size":10,"solidity":0.2}},"type":"barpolar"}],"pie":[{"automargin":true,"type":"pie"}]},"layout":{"autotypenumbers":"strict","colorway":["#636efa","#EF553B","#00cc96","#ab63fa","#FFA15A","#19d3f3","#FF6692","#B6E880","#FF97FF","#FECB52"],"font":{"color":"#2a3f5f"},"hovermode":"closest","hoverlabel":{"align":"left"},"paper_bgcolor":"white","plot_bgcolor":"#E5ECF6","polar":{"bgcolor":"#E5ECF6","angularaxis":{"gridcolor":"white","linecolor":"white","ticks":""},"radialaxis":{"gridcolor":"white","linecolor":"white","ticks":""}},"ternary":{"bgcolor":"#E5ECF6","aaxis":{"gridcolor":"white","linecolor":"white","ticks":""},"baxis":{"gridcolor":"white","linecolor":"white","ticks":""},"caxis":{"gridcolor":"white","linecolor":"white","ticks":""}},"coloraxis":{"colorbar":{"outlinewidth":0,"ticks":""}},"colorscale":{"sequential":[[0.0,"#0d0887"],[0.1111111111111111,"#46039f"],[0.2222222222222222,"#7201a8"],[0.3333333333333333,"#9c179e"],[0.4444444444444444,"#bd3786"],[0.5555555555555556,"#d8576b"],[0.6666666666666666,"#ed7953"],[0.7777777777777778,"#fb9f3a"],[0.8888888888888888,"#fdca26"],[1.0,"#f0f921"]],"sequentialminus":[[0.0,"#0d0887"],[0.1111111111111111,"#46039f"],[0.2222222222222222,"#7201a8"],[0.3333333333333333,"#9c179e"],[0.4444444444444444,"#bd3786"],[0.5555555555555556,"#d8576b"],[0.6666666666666666,"#ed7953"],[0.7777777777777778,"#fb9f3a"],[0.8888888888888888,"#fdca26"],[1.0,"#f0f921"]],"diverging":[[0,"#8e0152"],[0.1,"#c51b7d"],[0.2,"#de77ae"],[0.3,"#f1b6da"],[0.4,"#fde0ef"],[0.5,"#f7f7f7"],[0.6,"#e6f5d0"],[0.7,"#b8e186"],[0.8,"#7fbc41"],[0.9,"#4d9221"],[1,"#276419"]]},"xaxis":{"gridcolor":"white","linecolor":"white","ticks":"","title":{"standoff":15},"zerolinecolor":"white","automargin":true,"zerolinewidth":2},"yaxis":{"gridcolor":"white","linecolor":"white","ticks":"","title":{"standoff":15},"zerolinecolor":"white","automargin":true,"zerolinewidth":2},"scene":{"xaxis":{"backgroundcolor":"#E5ECF6","gridcolor":"white","linecolor":"white","showbackground":true,"ticks":"","zerolinecolor":"white","gridwidth":2},"yaxis":{"backgroundcolor":"#E5ECF6","gridcolor":"white","linecolor":"white","showbackground":true,"ticks":"","zerolinecolor":"white","gridwidth":2},"zaxis":{"backgroundcolor":"#E5ECF6","gridcolor":"white","linecolor":"white","showbackground":true,"ticks":"","zerolinecolor":"white","gridwidth":2}},"shapedefaults":{"line":{"color":"#2a3f5f"}},"annotationdefaults":{"arrowcolor":"#2a3f5f","arrowhead":0,"arrowwidth":1},"geo":{"bgcolor":"white","landcolor":"#E5ECF6","subunitcolor":"white","showland":true,"showlakes":true,"lakecolor":"white"},"title":{"x":0.05},"mapbox":{"style":"light"}}},"title":{"text":"Interactive Routes - Golden_7.vrp (Cost: 10102.7)"}},                        {"responsive": true}                    )                };            </script>        </div>
  </div>
  <label for='route-select'>Show Routes:</label>
  <select id='route-select' multiple size='8'>
    <option value='1' selected>Route 1</option><option value='2' selected>Route 2</option><option value='3' selected>Route 3</option><option value='4' selected>Route 4</option><option value='5' selected>Route 5</option><option value='6' selected>Route 6</option><option value='7' selected>Route 7</option><option value='8' selected>Route 8</option>
  </select>
  <button id='apply-btn'>Apply</button>
  <script>
    const plotDiv = document.querySelector('.js-plotly-plot');
    document.getElementById('apply-btn').onclick = function() {
      const select = document.getElementById('route-select');
      const chosen = Array.from(select.selectedOptions).map(opt => parseInt(opt.value));
      const update = {visible: []};
      const traces = plotDiv.data;
      traces.forEach(trace => {
        if (trace.name === 'Depot') { update.visible.push(true); }
        else { const num = parseInt(trace.name.split(' ')[1]); update.visible.push(chosen.includes(num)); }
      });
      Plotly.update(plotDiv, update);
    };
  </script>
</body>
</html>
