
<html>
<head>
  <title>Interactive Routes - Golden_9.vrp</title>
  <script src='https://cdn.plot.ly/plotly-latest.min.js'></script>
</head>
<body>
  <h2>CVRP Routes: Golden_9.vrp (Cost: 579.702026)</h2>
  <div id='plot'>
    <div>                        <script type="text/javascript">window.PlotlyConfig = {MathJaxConfig: 'local'};</script>
        <script charset="utf-8" src="https://cdn.plot.ly/plotly-3.0.1.min.js"></script>                <div id="a3425db1-9ae1-45a2-9a28-e2c689aff592" class="plotly-graph-div" style="height:100%; width:100%;"></div>            <script type="text/javascript">                window.PLOTLYENV=window.PLOTLYENV || {};                                if (document.getElementById("a3425db1-9ae1-45a2-9a28-e2c689aff592")) {                    Plotly.newPlot(                        "a3425db1-9ae1-45a2-9a28-e2c689aff592",                        [{"mode":"lines+markers","name":"Route 1","visible":true,"x":[0.0,-1.0,0.0,0.0],"y":[-15.0,-14.0,-13.0,-15.0],"type":"scatter"},{"mode":"lines+markers","name":"Route 2","visible":true,"x":[0.0,-1.0,-1.0,-2.0,-1.0,0.0,1.0,2.0,3.0,4.0,5.0,4.0,3.0,0.0],"y":[-15.0,-10.0,-8.0,-7.0,-6.0,-5.0,-4.0,-5.0,-6.0,-7.0,-8.0,-9.0,-10.0,-15.0],"type":"scatter"},{"mode":"lines+markers","name":"Route 3","visible":true,"x":[0.0,4.0,5.0,6.0,7.0,8.0,9.0,10.0,11.0,12.0,13.0,14.0,15.0,14.0,13.0,12.0,11.0,10.0,9.0,8.0,7.0,6.0,0.0],"y":[-15.0,-11.0,-10.0,-9.0,-8.0,-7.0,-6.0,-5.0,-4.0,-3.0,-2.0,-1.0,0.0,1.0,0.0,-1.0,-2.0,-3.0,-4.0,-5.0,-6.0,-7.0,-15.0],"type":"scatter"},{"mode":"lines+markers","name":"Route 4","visible":true,"x":[0.0,-1.0,-2.0,-3.0,-4.0,-5.0,-4.0,-3.0,-2.0,0.0],"y":[-15.0,-12.0,-11.0,-10.0,-9.0,-10.0,-11.0,-12.0,-13.0,-15.0],"type":"scatter"},{"mode":"lines+markers","name":"Route 5","visible":true,"x":[0.0,0.0,0.0,1.0,0.0,1.0,2.0,3.0,2.0,1.0,0.0],"y":[-15.0,-11.0,-9.0,-8.0,-7.0,-6.0,-7.0,-8.0,-9.0,-10.0,-15.0],"type":"scatter"},{"mode":"lines+markers","name":"Route 6","visible":true,"x":[0.0,-1.0,-1.0,-1.0,-2.0,-3.0,-2.0,-2.0,-3.0,-2.0,-1.0,0.0,1.0,2.0,3.0,2.0,1.0,0.0,-1.0,0.0,-1.0,-1.0,0.0,1.0,0.0,0.0,0.0],"y":[-15.0,-2.0,0.0,2.0,3.0,4.0,5.0,7.0,8.0,9.0,10.0,11.0,12.0,13.0,12.0,11.0,10.0,9.0,8.0,7.0,6.0,4.0,3.0,2.0,1.0,-1.0,-15.0],"type":"scatter"},{"mode":"lines+markers","name":"Route 7","visible":true,"x":[0.0,1.0,2.0,3.0,2.0,1.0,0.0],"y":[-15.0,-12.0,-11.0,-12.0,-13.0,-14.0,-15.0],"type":"scatter"},{"mode":"lines+markers","name":"Route 8","visible":true,"x":[0.0,4.0,5.0,6.0,7.0,8.0,9.0,8.0,9.0,10.0,11.0,10.0,9.0,8.0,9.0,10.0,11.0,12.0,13.0,12.0,11.0,10.0,9.0,8.0,7.0,6.0,5.0,0.0],"y":[-15.0,-5.0,-4.0,-3.0,-2.0,-1.0,0.0,1.0,2.0,1.0,2.0,3.0,4.0,5.0,6.0,5.0,4.0,3.0,2.0,1.0,0.0,-1.0,-2.0,-3.0,-4.0,-5.0,-6.0,-15.0],"type":"scatter"},{"mode":"lines+markers","name":"Route 9","visible":true,"x":[0.0,-1.0,-2.0,-3.0,-3.0,-4.0,-5.0,-6.0,-5.0,-6.0,-5.0,-6.0,-7.0,-8.0,-7.0,-8.0,-7.0,-6.0,-5.0,-4.0,-5.0,-4.0,-3.0,-2.0,0.0],"y":[-15.0,-4.0,-3.0,-2.0,0.0,1.0,2.0,3.0,4.0,5.0,6.0,7.0,6.0,5.0,4.0,3.0,2.0,1.0,0.0,-1.0,-2.0,-3.0,-4.0,-5.0,-15.0],"type":"scatter"},{"mode":"lines+markers","name":"Route 10","visible":true,"x":[0.0,-6.0,-7.0,-8.0,-9.0,-9.0,-10.0,-9.0,-8.0,-7.0,-6.0,-5.0,-4.0,-3.0,-2.0,-1.0,0.0,1.0,0.0,-1.0,-2.0,-3.0,-4.0,-5.0,-4.0,-3.0,-4.0,-4.0,-3.0,-2.0,-2.0,0.0],"y":[-15.0,-1.0,0.0,1.0,2.0,4.0,5.0,6.0,7.0,8.0,9.0,10.0,11.0,12.0,13.0,14.0,15.0,14.0,13.0,12.0,11.0,10.0,9.0,8.0,7.0,6.0,5.0,3.0,2.0,1.0,-1.0,-15.0],"type":"scatter"},{"mode":"lines+markers","name":"Route 11","visible":true,"x":[0.0,-6.0,-7.0,-8.0,-9.0,-10.0,-11.0,-12.0,-13.0,-14.0,-15.0,-14.0,-13.0,-12.0,-11.0,-10.0,-11.0,-10.0,-9.0,-8.0,-7.0,-6.0,-5.0,-4.0,-3.0,0.0],"y":[-15.0,-9.0,-8.0,-7.0,-6.0,-5.0,-4.0,-3.0,-2.0,-1.0,0.0,1.0,2.0,3.0,4.0,3.0,2.0,1.0,0.0,-1.0,-2.0,-3.0,-4.0,-5.0,-6.0,-15.0],"type":"scatter"},{"mode":"lines+markers","name":"Route 12","visible":true,"x":[0.0,-2.0,-3.0,-4.0,-5.0,-6.0,-7.0,-8.0,-9.0,-10.0,-11.0,-12.0,-13.0,-12.0,-11.0,-10.0,-9.0,-8.0,-7.0,-6.0,-5.0,0.0],"y":[-15.0,-9.0,-8.0,-7.0,-6.0,-5.0,-4.0,-3.0,-2.0,-1.0,0.0,1.0,0.0,-1.0,-2.0,-3.0,-4.0,-5.0,-6.0,-7.0,-8.0,-15.0],"type":"scatter"},{"mode":"lines+markers","name":"Route 13","visible":true,"x":[0.0,3.0,3.0,4.0,5.0,6.0,6.0,5.0,4.0,5.0,6.0,5.0,4.0,3.0,4.0,5.0,6.0,7.0,8.0,7.0,6.0,7.0,8.0,7.0,7.0,6.0,5.0,4.0,0.0],"y":[-15.0,-4.0,-2.0,-1.0,0.0,1.0,3.0,4.0,5.0,6.0,7.0,8.0,9.0,10.0,11.0,10.0,9.0,8.0,7.0,6.0,5.0,4.0,3.0,2.0,0.0,-1.0,-2.0,-3.0,-15.0],"type":"scatter"},{"mode":"lines+markers","name":"Route 14","visible":true,"x":[0.0,0.0,1.0,1.0,2.0,3.0,2.0,1.0,0.0,1.0,2.0,1.0,2.0,3.0,4.0,3.0,2.0,3.0,4.0,5.0,4.0,3.0,2.0,2.0,0.0],"y":[-15.0,-3.0,-2.0,0.0,1.0,2.0,3.0,4.0,5.0,6.0,7.0,8.0,9.0,8.0,7.0,6.0,5.0,4.0,3.0,2.0,1.0,0.0,-1.0,-3.0,-15.0],"type":"scatter"},{"marker":{"color":"red","size":12,"symbol":"star"},"mode":"markers","name":"Depot","visible":true,"x":[0.0],"y":[-15.0],"type":"scatter"}],                        {"template":{"data":{"histogram2dcontour":[{"type":"histogram2dcontour","colorbar":{"outlinewidth":0,"ticks":""},"colorscale":[[0.0,"#0d0887"],[0.1111111111111111,"#46039f"],[0.2222222222222222,"#7201a8"],[0.3333333333333333,"#9c179e"],[0.4444444444444444,"#bd3786"],[0.5555555555555556,"#d8576b"],[0.6666666666666666,"#ed7953"],[0.7777777777777778,"#fb9f3a"],[0.8888888888888888,"#fdca26"],[1.0,"#f0f921"]]}],"choropleth":[{"type":"choropleth","colorbar":{"outlinewidth":0,"ticks":""}}],"histogram2d":[{"type":"histogram2d","colorbar":{"outlinewidth":0,"ticks":""},"colorscale":[[0.0,"#0d0887"],[0.1111111111111111,"#46039f"],[0.2222222222222222,"#7201a8"],[0.3333333333333333,"#9c179e"],[0.4444444444444444,"#bd3786"],[0.5555555555555556,"#d8576b"],[0.6666666666666666,"#ed7953"],[0.7777777777777778,"#fb9f3a"],[0.8888888888888888,"#fdca26"],[1.0,"#f0f921"]]}],"heatmap":[{"type":"heatmap","colorbar":{"outlinewidth":0,"ticks":""},"colorscale":[[0.0,"#0d0887"],[0.1111111111111111,"#46039f"],[0.2222222222222222,"#7201a8"],[0.3333333333333333,"#9c179e"],[0.4444444444444444,"#bd3786"],[0.5555555555555556,"#d8576b"],[0.6666666666666666,"#ed7953"],[0.7777777777777778,"#fb9f3a"],[0.8888888888888888,"#fdca26"],[1.0,"#f0f921"]]}],"contourcarpet":[{"type":"contourcarpet","colorbar":{"outlinewidth":0,"ticks":""}}],"contour":[{"type":"contour","colorbar":{"outlinewidth":0,"ticks":""},"colorscale":[[0.0,"#0d0887"],[0.1111111111111111,"#46039f"],[0.2222222222222222,"#7201a8"],[0.3333333333333333,"#9c179e"],[0.4444444444444444,"#bd3786"],[0.5555555555555556,"#d8576b"],[0.6666666666666666,"#ed7953"],[0.7777777777777778,"#fb9f3a"],[0.8888888888888888,"#fdca26"],[1.0,"#f0f921"]]}],"surface":[{"type":"surface","colorbar":{"outlinewidth":0,"ticks":""},"colorscale":[[0.0,"#0d0887"],[0.1111111111111111,"#46039f"],[0.2222222222222222,"#7201a8"],[0.3333333333333333,"#9c179e"],[0.4444444444444444,"#bd3786"],[0.5555555555555556,"#d8576b"],[0.6666666666666666,"#ed7953"],[0.7777777777777778,"#fb9f3a"],[0.8888888888888888,"#fdca26"],[1.0,"#f0f921"]]}],"mesh3d":[{"type":"mesh3d","colorbar":{"outlinewidth":0,"ticks":""}}],"scatter":[{"fillpattern":{"fillmode":"overlay","size":10,"solidity":0.2},"type":"scatter"}],"parcoords":[{"type":"parcoords","line":{"colorbar":{"outlinewidth":0,"ticks":""}}}],"scatterpolargl":[{"type":"scatterpolargl","marker":{"colorbar":{"outlinewidth":0,"ticks":""}}}],"bar":[{"error_x":{"color":"#2a3f5f"},"error_y":{"color":"#2a3f5f"},"marker":{"line":{"color":"#E5ECF6","width":0.5},"pattern":{"fillmode":"overlay","size":10,"solidity":0.2}},"type":"bar"}],"scattergeo":[{"type":"scattergeo","marker":{"colorbar":{"outlinewidth":0,"ticks":""}}}],"scatterpolar":[{"type":"scatterpolar","marker":{"colorbar":{"outlinewidth":0,"ticks":""}}}],"histogram":[{"marker":{"pattern":{"fillmode":"overlay","size":10,"solidity":0.2}},"type":"histogram"}],"scattergl":[{"type":"scattergl","marker":{"colorbar":{"outlinewidth":0,"ticks":""}}}],"scatter3d":[{"type":"scatter3d","line":{"colorbar":{"outlinewidth":0,"ticks":""}},"marker":{"colorbar":{"outlinewidth":0,"ticks":""}}}],"scattermap":[{"type":"scattermap","marker":{"colorbar":{"outlinewidth":0,"ticks":""}}}],"scattermapbox":[{"type":"scattermapbox","marker":{"colorbar":{"outlinewidth":0,"ticks":""}}}],"scatterternary":[{"type":"scatterternary","marker":{"colorbar":{"outlinewidth":0,"ticks":""}}}],"scattercarpet":[{"type":"scattercarpet","marker":{"colorbar":{"outlinewidth":0,"ticks":""}}}],"carpet":[{"aaxis":{"endlinecolor":"#2a3f5f","gridcolor":"white","linecolor":"white","minorgridcolor":"white","startlinecolor":"#2a3f5f"},"baxis":{"endlinecolor":"#2a3f5f","gridcolor":"white","linecolor":"white","minorgridcolor":"white","startlinecolor":"#2a3f5f"},"type":"carpet"}],"table":[{"cells":{"fill":{"color":"#EBF0F8"},"line":{"color":"white"}},"header":{"fill":{"color":"#C8D4E3"},"line":{"color":"white"}},"type":"table"}],"barpolar":[{"marker":{"line":{"color":"#E5ECF6","width":0.5},"pattern":{"fillmode":"overlay","size":10,"solidity":0.2}},"type":"barpolar"}],"pie":[{"automargin":true,"type":"pie"}]},"layout":{"autotypenumbers":"strict","colorway":["#636efa","#EF553B","#00cc96","#ab63fa","#FFA15A","#19d3f3","#FF6692","#B6E880","#FF97FF","#FECB52"],"font":{"color":"#2a3f5f"},"hovermode":"closest","hoverlabel":{"align":"left"},"paper_bgcolor":"white","plot_bgcolor":"#E5ECF6","polar":{"bgcolor":"#E5ECF6","angularaxis":{"gridcolor":"white","linecolor":"white","ticks":""},"radialaxis":{"gridcolor":"white","linecolor":"white","ticks":""}},"ternary":{"bgcolor":"#E5ECF6","aaxis":{"gridcolor":"white","linecolor":"white","ticks":""},"baxis":{"gridcolor":"white","linecolor":"white","ticks":""},"caxis":{"gridcolor":"white","linecolor":"white","ticks":""}},"coloraxis":{"colorbar":{"outlinewidth":0,"ticks":""}},"colorscale":{"sequential":[[0.0,"#0d0887"],[0.1111111111111111,"#46039f"],[0.2222222222222222,"#7201a8"],[0.3333333333333333,"#9c179e"],[0.4444444444444444,"#bd3786"],[0.5555555555555556,"#d8576b"],[0.6666666666666666,"#ed7953"],[0.7777777777777778,"#fb9f3a"],[0.8888888888888888,"#fdca26"],[1.0,"#f0f921"]],"sequentialminus":[[0.0,"#0d0887"],[0.1111111111111111,"#46039f"],[0.2222222222222222,"#7201a8"],[0.3333333333333333,"#9c179e"],[0.4444444444444444,"#bd3786"],[0.5555555555555556,"#d8576b"],[0.6666666666666666,"#ed7953"],[0.7777777777777778,"#fb9f3a"],[0.8888888888888888,"#fdca26"],[1.0,"#f0f921"]],"diverging":[[0,"#8e0152"],[0.1,"#c51b7d"],[0.2,"#de77ae"],[0.3,"#f1b6da"],[0.4,"#fde0ef"],[0.5,"#f7f7f7"],[0.6,"#e6f5d0"],[0.7,"#b8e186"],[0.8,"#7fbc41"],[0.9,"#4d9221"],[1,"#276419"]]},"xaxis":{"gridcolor":"white","linecolor":"white","ticks":"","title":{"standoff":15},"zerolinecolor":"white","automargin":true,"zerolinewidth":2},"yaxis":{"gridcolor":"white","linecolor":"white","ticks":"","title":{"standoff":15},"zerolinecolor":"white","automargin":true,"zerolinewidth":2},"scene":{"xaxis":{"backgroundcolor":"#E5ECF6","gridcolor":"white","linecolor":"white","showbackground":true,"ticks":"","zerolinecolor":"white","gridwidth":2},"yaxis":{"backgroundcolor":"#E5ECF6","gridcolor":"white","linecolor":"white","showbackground":true,"ticks":"","zerolinecolor":"white","gridwidth":2},"zaxis":{"backgroundcolor":"#E5ECF6","gridcolor":"white","linecolor":"white","showbackground":true,"ticks":"","zerolinecolor":"white","gridwidth":2}},"shapedefaults":{"line":{"color":"#2a3f5f"}},"annotationdefaults":{"arrowcolor":"#2a3f5f","arrowhead":0,"arrowwidth":1},"geo":{"bgcolor":"white","landcolor":"#E5ECF6","subunitcolor":"white","showland":true,"showlakes":true,"lakecolor":"white"},"title":{"x":0.05},"mapbox":{"style":"light"}}},"title":{"text":"Interactive Routes - Golden_9.vrp (Cost: 579.702026)"}},                        {"responsive": true}                    )                };            </script>        </div>
  </div>
  <label for='route-select'>Show Routes:</label>
  <select id='route-select' multiple size='14'>
    <option value='1' selected>Route 1</option><option value='2' selected>Route 2</option><option value='3' selected>Route 3</option><option value='4' selected>Route 4</option><option value='5' selected>Route 5</option><option value='6' selected>Route 6</option><option value='7' selected>Route 7</option><option value='8' selected>Route 8</option><option value='9' selected>Route 9</option><option value='10' selected>Route 10</option><option value='11' selected>Route 11</option><option value='12' selected>Route 12</option><option value='13' selected>Route 13</option><option value='14' selected>Route 14</option>
  </select>
  <button id='apply-btn'>Apply</button>
  <script>
    const plotDiv = document.querySelector('.js-plotly-plot');
    document.getElementById('apply-btn').onclick = function() {
      const select = document.getElementById('route-select');
      const chosen = Array.from(select.selectedOptions).map(opt => parseInt(opt.value));
      const update = {visible: []};
      const traces = plotDiv.data;
      traces.forEach(trace => {
        if (trace.name === 'Depot') { update.visible.push(true); }
        else { const num = parseInt(trace.name.split(' ')[1]); update.visible.push(chosen.includes(num)); }
      });
      Plotly.update(plotDiv, update);
    };
  </script>
</body>
</html>
