
<html>
<head>
  <title>Interactive Routes - Golden_20.vrp</title>
  <script src='https://cdn.plot.ly/plotly-latest.min.js'></script>
</head>
<body>
  <h2>CVRP Routes: Golden_20.vrp</h2>
  <div>
    <label for='route-select'>Select routes to display:</label><br>
    <select id='route-select' multiple size='10'>
      <option value='1' selected>Route 1</option>
<option value='2' selected>Route 2</option>
<option value='3' selected>Route 3</option>
<option value='4' selected>Route 4</option>
<option value='5' selected>Route 5</option>
<option value='6' selected>Route 6</option>
<option value='7' selected>Route 7</option>
<option value='8' selected>Route 8</option>
<option value='9' selected>Route 9</option>
<option value='10' selected>Route 10</option>
<option value='11' selected>Route 11</option>
<option value='12' selected>Route 12</option>
<option value='13' selected>Route 13</option>
<option value='14' selected>Route 14</option>
<option value='15' selected>Route 15</option>
<option value='16' selected>Route 16</option>
<option value='17' selected>Route 17</option>
<option value='18' selected>Route 18</option>
<option value='19' selected>Route 19</option>
<option value='20' selected>Route 20</option>
<option value='21' selected>Route 21</option>
<option value='22' selected>Route 22</option>
<option value='23' selected>Route 23</option>
<option value='24' selected>Route 24</option>
<option value='25' selected>Route 25</option>
<option value='26' selected>Route 26</option>
<option value='27' selected>Route 27</option>
<option value='28' selected>Route 28</option>
<option value='29' selected>Route 29</option>
<option value='30' selected>Route 30</option>
<option value='31' selected>Route 31</option>
<option value='32' selected>Route 32</option>
<option value='33' selected>Route 33</option>
<option value='34' selected>Route 34</option>
<option value='35' selected>Route 35</option>
<option value='36' selected>Route 36</option>
<option value='37' selected>Route 37</option>
<option value='38' selected>Route 38</option>
    </select>
  </div>
  <button id='apply-btn'>Apply Selection</button>
  <div id='plot'>
    <div>                        <script type="text/javascript">window.PlotlyConfig = {MathJaxConfig: 'local'};</script>
        <script charset="utf-8" src="https://cdn.plot.ly/plotly-3.0.1.min.js"></script>                <div id="e322d39e-ffbe-4aa1-8b61-d5bc19891fb3" class="plotly-graph-div" style="height:100%; width:100%;"></div>            <script type="text/javascript">                window.PLOTLYENV=window.PLOTLYENV || {};                                if (document.getElementById("e322d39e-ffbe-4aa1-8b61-d5bc19891fb3")) {                    Plotly.newPlot(                        "e322d39e-ffbe-4aa1-8b61-d5bc19891fb3",                        [{"mode":"lines+markers","name":"Route 1","visible":true,"x":[0.0,-8.4573,-8.1049,-10.5716,-10.1311,-13.2145,-12.6639,-11.0121,-7.7085,-6.6072,-3.5239,-1.4095,0.0,-1.1276,0.0],"y":[0.0,9.7656,10.376,12.207,12.97,15.2588,16.2125,19.0735,19.0735,19.0735,18.3105,17.0898,15.625,13.6719,0.0],"type":"scatter"},{"mode":"lines+markers","name":"Route 2","visible":true,"x":[0.0,-5.3405,-6.6756,-6.4952,-7.2169,-8.119,-8.3445,-9.0211,-7.2169,-5.7735,0.0],"y":[0.0,-0.75,-0.9375,-1.25,-2.5,-1.5625,-1.1719,0.0,0.0,0.0,0.0],"type":"scatter"},{"mode":"lines+markers","name":"Route 3","visible":true,"x":[0.0,-3.3198,-4.1497,-4.3301,-5.7735,-5.4127,-5.1871,-4.5105,-3.6084,-2.8868,0.0],"y":[0.0,4.25,5.3125,5.0,5.0,6.25,6.6406,7.8125,6.25,5.0,0.0],"type":"scatter"},{"mode":"lines+markers","name":"Route 4","visible":true,"x":[0.0,-2.0207,-2.1651,-2.5259,-3.6084,-4.5105,-5.1871,-5.4127,-4.3301,-4.1497,-2.8867,-3.3198,0.0],"y":[0.0,-5.0,-6.25,-6.25,-6.25,-7.8125,-6.6406,-6.25,-5.0,-5.3125,-5.0,-4.25,0.0],"type":"scatter"},{"mode":"lines+markers","name":"Route 5","visible":true,"x":[0.0,2.0207,2.1651,2.5259,3.6084,4.5105,5.1871,5.4127,4.3301,4.1497,2.8867,3.3198,0.0],"y":[0.0,5.0,6.25,6.25,6.25,7.8125,6.6406,6.25,5.0,5.3125,5.0,4.25,0.0],"type":"scatter"},{"mode":"lines+markers","name":"Route 6","visible":true,"x":[0.0,3.3198,4.1497,4.3301,5.7735,5.4127,5.1871,4.5106,3.6084,2.8868,0.0],"y":[0.0,-4.25,-5.3125,-5.0,-5.0,-6.25,-6.6406,-7.8125,-6.25,-5.0,0.0],"type":"scatter"},{"mode":"lines+markers","name":"Route 7","visible":true,"x":[0.0,-12.6859,-13.0383,-15.8574,-16.2979,-19.8217,-20.3723,-22.0242,-17.6193,-16.2979,-15.8574,-14.0955,-11.2764,0.0],"y":[0.0,-2.4414,-1.8311,-3.0518,-2.2888,-3.8147,-2.861,0.0,0.0,2.2888,3.0518,4.8828,3.9062,0.0],"type":"scatter"},{"mode":"lines+markers","name":"Route 8","visible":true,"x":[0.0,-5.7735,-7.2169,-6.7658,-6.4839,-8.4573,-8.1049,-7.0477,-5.6382,-3.9467,-3.3829,-3.1574,-2.7063,0.0],"y":[0.0,-5.0,-6.25,-7.8125,-8.3008,-9.7656,-10.376,-12.207,-9.7656,-9.7656,-9.7656,-7.8125,-7.8125,0.0],"type":"scatter"},{"mode":"lines+markers","name":"Route 9","visible":true,"x":[0.0,5.3405,6.6756,6.4952,7.2169,8.119,8.3445,9.0211,7.2169,5.7735,0.0],"y":[0.0,0.75,0.9375,1.25,2.5,1.5625,1.1719,0.0,0.0,0.0,0.0],"type":"scatter"},{"mode":"lines+markers","name":"Route 10","visible":true,"x":[0.0,12.6859,13.0383,15.8574,16.2979,19.8217,20.3723,22.0242,17.6193,16.2979,15.8574,14.0955,11.2764,0.0],"y":[0.0,2.4414,1.8311,3.0518,2.2888,3.8147,2.861,0.0,0.0,-2.2888,-3.0518,-4.8828,-3.9062,0.0],"type":"scatter"},{"mode":"lines+markers","name":"Route 11","visible":true,"x":[0.0,6.6072,7.7085,8.2591,5.506,2.753,0.0,-2.753,0.0,2.2024,4.4048,3.5239,0.0],"y":[0.0,19.0735,19.0735,23.8419,28.6102,33.3786,38.147,33.3786,30.5176,26.7029,22.8882,18.3105,0.0],"type":"scatter"},{"mode":"lines+markers","name":"Route 12","visible":true,"x":[0.0,7.2169,9.0211,9.0211,11.2764,14.0955,13.5316,11.2764,10.8253,9.9232,9.0211,6.4952,0.0],"y":[0.0,-5.0,-6.25,-7.8125,-9.7656,-9.7656,-7.8125,-7.8125,-6.25,-4.6875,-3.125,-1.25,0.0],"type":"scatter"},{"mode":"lines+markers","name":"Route 13","visible":true,"x":[0.0,15.505,16.9146,19.3813,21.1432,24.2266,27.5302,24.7772,22.0242,17.6193,14.0955,0.0],"y":[0.0,7.3242,9.7656,9.1553,12.207,11.4441,9.5367,4.7684,7.6294,6.1035,4.8828,0.0],"type":"scatter"},{"mode":"lines+markers","name":"Route 14","visible":true,"x":[0.0,14.0955,17.6193,16.5181,22.0242,27.5302,33.0362,30.2832,26.429,22.0242,17.6193,14.0955,0.0],"y":[0.0,12.207,15.2588,19.0735,19.0735,19.0735,19.0735,14.3051,15.2588,15.2588,12.207,9.7656,0.0],"type":"scatter"},{"mode":"lines+markers","name":"Route 15","visible":true,"x":[0.0,-9.0211,-11.2764,-10.5716,-10.1311,-13.2145,-12.6639,-11.0121,-8.8097,-6.1668,-5.2858,-4.9334,-4.2286,0.0],"y":[0.0,-7.8125,-9.7656,-12.207,-12.97,-15.2588,-16.2125,-19.0735,-15.2588,-15.2588,-15.2588,-12.207,-12.207,0.0],"type":"scatter"},{"mode":"lines+markers","name":"Route 16","visible":true,"x":[0.0,7.2169,9.0211,10.8253,11.2764,13.5316,12.404,11.2764,9.9232,8.6603,7.9386,0.0],"y":[0.0,5.0,6.25,6.25,7.8125,7.8125,5.8594,3.9062,4.6875,5.0,3.75,0.0],"type":"scatter"},{"mode":"lines+markers","name":"Route 17","visible":true,"x":[0.0,-14.0955,-17.6193,-16.5181,-22.0242,-27.5302,-33.0362,-30.2832,-26.429,-22.0242,-17.6193,-14.0955,0.0],"y":[0.0,-12.207,-15.2588,-19.0735,-19.0735,-19.0735,-19.0735,-14.3051,-15.2588,-15.2588,-12.207,-9.7656,0.0],"type":"scatter"},{"mode":"lines+markers","name":"Route 18","visible":true,"x":[0.0,-19.8217,-20.3723,-24.7772,-27.5302,-30.2832,-33.0362,-27.5302,-26.429,-24.2266,-22.0242,-17.6193,0.0],"y":[0.0,3.8147,2.861,4.7684,9.5367,14.3051,19.0735,19.0735,15.2588,11.4441,7.6294,6.1035,0.0],"type":"scatter"},{"mode":"lines+markers","name":"Route 19","visible":true,"x":[0.0,-1.8042,-2.2553,-2.8191,-5.2858,-6.1668,-8.8097,-7.0477,-4.9334,-4.2286,-3.3829,-2.7063,0.0],"y":[0.0,9.375,11.7187,14.6484,15.2588,15.2588,15.2588,12.207,12.207,12.207,9.7656,7.8125,0.0],"type":"scatter"},{"mode":"lines+markers","name":"Route 20","visible":true,"x":[0.0,9.0211,11.2764,10.5716,10.1311,13.2145,12.6639,11.0121,8.8097,6.1668,5.2858,4.9334,4.2286,0.0],"y":[0.0,7.8125,9.7656,12.207,12.97,15.2588,16.2125,19.0735,15.2588,15.2588,15.2588,12.207,12.207,0.0],"type":"scatter"},{"mode":"lines+markers","name":"Route 21","visible":true,"x":[0.0,-6.6072,-7.7085,-8.2591,-5.506,-2.753,0.0,2.753,0.0,-2.2024,-4.4048,-3.5239,0.0],"y":[0.0,-19.0735,-19.0735,-23.8419,-28.6102,-33.3786,-38.147,-33.3786,-30.5176,-26.7029,-22.8882,-18.3105,0.0],"type":"scatter"},{"mode":"lines+markers","name":"Route 22","visible":true,"x":[0.0,-2.8191,-1.7619,0.0,2.2024,5.506,8.2591,4.4048,1.7619,0.0,-1.4095,-1.1276,0.0],"y":[0.0,-14.6484,-21.3623,-24.4141,-26.7029,-28.6102,-23.8418,-22.8882,-21.3623,-19.5312,-17.0898,-13.6719,0.0],"type":"scatter"},{"mode":"lines+markers","name":"Route 23","visible":true,"x":[0.0,5.7735,7.2169,6.7658,6.4839,8.4573,8.1049,7.0477,5.6382,3.9467,3.3829,3.1574,2.7063,0.0],"y":[0.0,5.0,6.25,7.8125,8.3008,9.7656,10.376,12.207,9.7656,9.7656,9.7656,7.8125,7.8125,0.0],"type":"scatter"},{"mode":"lines+markers","name":"Route 24","visible":true,"x":[0.0,1.8042,2.2553,2.8191,5.2858,6.1668,8.8097,7.0477,4.9334,4.2286,3.3829,2.7063,0.0],"y":[0.0,-9.375,-11.7187,-14.6484,-15.2588,-15.2588,-15.2588,-12.207,-12.207,-12.207,-9.7656,-7.8125,0.0],"type":"scatter"},{"mode":"lines+markers","name":"Route 25","visible":true,"x":[0.0,19.8217,20.3723,24.7772,27.5302,30.2832,33.0363,27.5302,26.429,24.2266,22.0242,17.6193,0.0],"y":[0.0,-3.8147,-2.861,-4.7684,-9.5367,-14.3051,-19.0735,-19.0735,-15.2588,-11.4441,-7.6294,-6.1035,0.0],"type":"scatter"},{"mode":"lines+markers","name":"Route 26","visible":true,"x":[0.0,-15.505,-16.9146,-19.3813,-21.1432,-24.2266,-27.5302,-24.7772,-22.0242,-17.6193,-14.0955,0.0],"y":[0.0,-7.3242,-9.7656,-9.1553,-12.207,-11.4441,-9.5367,-4.7684,-7.6294,-6.1035,-4.8828,0.0],"type":"scatter"},{"mode":"lines+markers","name":"Route 27","visible":true,"x":[0.0,12.404,15.505,16.9146,19.3813,21.1432,22.0242,22.0242,16.5181,17.6193,17.6193,14.0955,0.0],"y":[0.0,-5.8594,-7.3242,-9.7656,-9.1553,-12.207,-15.2588,-19.0735,-19.0735,-15.2588,-12.207,-12.207,0.0],"type":"scatter"},{"mode":"lines+markers","name":"Route 28","visible":true,"x":[0.0,-7.2169,-9.0211,-10.8253,-11.2764,-13.5316,-12.404,-11.2764,-9.9232,-8.6603,-7.9386,0.0],"y":[0.0,-5.0,-6.25,-6.25,-7.8125,-7.8125,-5.8594,-3.9063,-4.6875,-5.0,-3.75,0.0],"type":"scatter"},{"mode":"lines+markers","name":"Route 29","visible":true,"x":[0.0,8.4573,8.1049,10.5716,10.1311,13.2145,12.6639,11.0121,7.7085,6.6073,3.5239,1.4095,0.0,1.1276,0.0],"y":[0.0,-9.7656,-10.376,-12.207,-12.97,-15.2588,-16.2125,-19.0735,-19.0735,-19.0735,-18.3105,-17.0898,-15.625,-13.6719,0.0],"type":"scatter"},{"mode":"lines+markers","name":"Route 30","visible":true,"x":[0.0,1.4434,0.7217,0.0,0.9021,0.0,-0.9021,-2.2553,-1.8042,-0.7217,-1.4434,0.0],"y":[0.0,-7.5,-8.75,-10.0,-10.9375,-12.5,-10.9375,-11.7187,-9.375,-8.75,-7.5,0.0],"type":"scatter"},{"mode":"lines+markers","name":"Route 31","visible":true,"x":[0.0,-12.404,-15.505,-16.9146,-19.3813,-21.1432,-22.0242,-22.0242,-16.5181,-17.6193,-17.6193,-14.0955,0.0],"y":[0.0,5.8594,7.3242,9.7656,9.1553,12.207,15.2588,19.0735,19.0735,15.2588,12.207,12.207,0.0],"type":"scatter"},{"mode":"lines+markers","name":"Route 32","visible":true,"x":[0.0,2.8191,1.7619,0.0,-2.2024,-5.506,-8.2591,-4.4048,-1.7619,0.0,1.4095,1.1276,0.0],"y":[0.0,14.6484,21.3623,24.4141,26.7029,28.6102,23.8419,22.8882,21.3623,19.5312,17.0898,13.6719,0.0],"type":"scatter"},{"mode":"lines+markers","name":"Route 33","visible":true,"x":[0.0,5.3405,6.6756,8.119,8.3445,10.1487,10.4306,12.6859,13.0383,14.0955,11.2764,10.4306,10.1487,9.0211,0.0],"y":[0.0,-0.75,-0.9375,-1.5625,-1.1719,-1.9531,-1.4648,-2.4414,-1.8311,0.0,0.0,1.4648,1.9531,3.125,0.0],"type":"scatter"},{"mode":"lines+markers","name":"Route 34","visible":true,"x":[0.0,2.0207,2.1651,2.5259,3.1574,3.9467,5.6382,6.4839,6.7658,7.2169,8.6603,7.9386,7.2169,0.0],"y":[0.0,-5.0,-6.25,-6.25,-7.8125,-9.7656,-9.7656,-8.3008,-7.8125,-6.25,-5.0,-3.75,-2.5,0.0],"type":"scatter"},{"mode":"lines+markers","name":"Route 35","visible":true,"x":[0.0,-1.4434,-0.7217,0.0,-0.9021,0.0,0.9021,2.2553,1.8042,0.7217,1.4434,0.0],"y":[0.0,7.5,8.75,10.0,10.9375,12.5,10.9375,11.7187,9.375,8.75,7.5,0.0],"type":"scatter"},{"mode":"lines+markers","name":"Route 36","visible":true,"x":[0.0,-2.0207,-2.1651,-2.5259,-3.1574,-3.9467,-5.6382,-6.4839,-6.7658,-7.2169,-8.6603,-7.9386,-7.2169,0.0],"y":[0.0,5.0,6.25,6.25,7.8125,9.7656,9.7656,8.3008,7.8125,6.25,5.0,3.75,2.5,0.0],"type":"scatter"},{"mode":"lines+markers","name":"Route 37","visible":true,"x":[0.0,-7.2169,-9.0211,-9.0211,-11.2764,-14.0955,-13.5316,-11.2764,-10.8253,-9.9232,-9.0211,-6.4952,0.0],"y":[0.0,5.0,6.25,7.8125,9.7656,9.7656,7.8125,7.8125,6.25,4.6875,3.125,1.25,0.0],"type":"scatter"},{"mode":"lines+markers","name":"Route 38","visible":true,"x":[0.0,-5.3405,-6.6756,-8.119,-8.3445,-10.1487,-10.4306,-12.6859,-13.0383,-14.0955,-11.2764,-10.4306,-10.1487,-9.0211,0.0],"y":[0.0,0.75,0.9375,1.5625,1.1719,1.9531,1.4648,2.4414,1.8311,0.0,0.0,-1.4648,-1.9531,-3.125,0.0],"type":"scatter"},{"marker":{"color":"red","size":12,"symbol":"star"},"mode":"markers","name":"Depot","visible":true,"x":[0.0],"y":[0.0],"type":"scatter"}],                        {"template":{"data":{"histogram2dcontour":[{"type":"histogram2dcontour","colorbar":{"outlinewidth":0,"ticks":""},"colorscale":[[0.0,"#0d0887"],[0.1111111111111111,"#46039f"],[0.2222222222222222,"#7201a8"],[0.3333333333333333,"#9c179e"],[0.4444444444444444,"#bd3786"],[0.5555555555555556,"#d8576b"],[0.6666666666666666,"#ed7953"],[0.7777777777777778,"#fb9f3a"],[0.8888888888888888,"#fdca26"],[1.0,"#f0f921"]]}],"choropleth":[{"type":"choropleth","colorbar":{"outlinewidth":0,"ticks":""}}],"histogram2d":[{"type":"histogram2d","colorbar":{"outlinewidth":0,"ticks":""},"colorscale":[[0.0,"#0d0887"],[0.1111111111111111,"#46039f"],[0.2222222222222222,"#7201a8"],[0.3333333333333333,"#9c179e"],[0.4444444444444444,"#bd3786"],[0.5555555555555556,"#d8576b"],[0.6666666666666666,"#ed7953"],[0.7777777777777778,"#fb9f3a"],[0.8888888888888888,"#fdca26"],[1.0,"#f0f921"]]}],"heatmap":[{"type":"heatmap","colorbar":{"outlinewidth":0,"ticks":""},"colorscale":[[0.0,"#0d0887"],[0.1111111111111111,"#46039f"],[0.2222222222222222,"#7201a8"],[0.3333333333333333,"#9c179e"],[0.4444444444444444,"#bd3786"],[0.5555555555555556,"#d8576b"],[0.6666666666666666,"#ed7953"],[0.7777777777777778,"#fb9f3a"],[0.8888888888888888,"#fdca26"],[1.0,"#f0f921"]]}],"contourcarpet":[{"type":"contourcarpet","colorbar":{"outlinewidth":0,"ticks":""}}],"contour":[{"type":"contour","colorbar":{"outlinewidth":0,"ticks":""},"colorscale":[[0.0,"#0d0887"],[0.1111111111111111,"#46039f"],[0.2222222222222222,"#7201a8"],[0.3333333333333333,"#9c179e"],[0.4444444444444444,"#bd3786"],[0.5555555555555556,"#d8576b"],[0.6666666666666666,"#ed7953"],[0.7777777777777778,"#fb9f3a"],[0.8888888888888888,"#fdca26"],[1.0,"#f0f921"]]}],"surface":[{"type":"surface","colorbar":{"outlinewidth":0,"ticks":""},"colorscale":[[0.0,"#0d0887"],[0.1111111111111111,"#46039f"],[0.2222222222222222,"#7201a8"],[0.3333333333333333,"#9c179e"],[0.4444444444444444,"#bd3786"],[0.5555555555555556,"#d8576b"],[0.6666666666666666,"#ed7953"],[0.7777777777777778,"#fb9f3a"],[0.8888888888888888,"#fdca26"],[1.0,"#f0f921"]]}],"mesh3d":[{"type":"mesh3d","colorbar":{"outlinewidth":0,"ticks":""}}],"scatter":[{"fillpattern":{"fillmode":"overlay","size":10,"solidity":0.2},"type":"scatter"}],"parcoords":[{"type":"parcoords","line":{"colorbar":{"outlinewidth":0,"ticks":""}}}],"scatterpolargl":[{"type":"scatterpolargl","marker":{"colorbar":{"outlinewidth":0,"ticks":""}}}],"bar":[{"error_x":{"color":"#2a3f5f"},"error_y":{"color":"#2a3f5f"},"marker":{"line":{"color":"#E5ECF6","width":0.5},"pattern":{"fillmode":"overlay","size":10,"solidity":0.2}},"type":"bar"}],"scattergeo":[{"type":"scattergeo","marker":{"colorbar":{"outlinewidth":0,"ticks":""}}}],"scatterpolar":[{"type":"scatterpolar","marker":{"colorbar":{"outlinewidth":0,"ticks":""}}}],"histogram":[{"marker":{"pattern":{"fillmode":"overlay","size":10,"solidity":0.2}},"type":"histogram"}],"scattergl":[{"type":"scattergl","marker":{"colorbar":{"outlinewidth":0,"ticks":""}}}],"scatter3d":[{"type":"scatter3d","line":{"colorbar":{"outlinewidth":0,"ticks":""}},"marker":{"colorbar":{"outlinewidth":0,"ticks":""}}}],"scattermap":[{"type":"scattermap","marker":{"colorbar":{"outlinewidth":0,"ticks":""}}}],"scattermapbox":[{"type":"scattermapbox","marker":{"colorbar":{"outlinewidth":0,"ticks":""}}}],"scatterternary":[{"type":"scatterternary","marker":{"colorbar":{"outlinewidth":0,"ticks":""}}}],"scattercarpet":[{"type":"scattercarpet","marker":{"colorbar":{"outlinewidth":0,"ticks":""}}}],"carpet":[{"aaxis":{"endlinecolor":"#2a3f5f","gridcolor":"white","linecolor":"white","minorgridcolor":"white","startlinecolor":"#2a3f5f"},"baxis":{"endlinecolor":"#2a3f5f","gridcolor":"white","linecolor":"white","minorgridcolor":"white","startlinecolor":"#2a3f5f"},"type":"carpet"}],"table":[{"cells":{"fill":{"color":"#EBF0F8"},"line":{"color":"white"}},"header":{"fill":{"color":"#C8D4E3"},"line":{"color":"white"}},"type":"table"}],"barpolar":[{"marker":{"line":{"color":"#E5ECF6","width":0.5},"pattern":{"fillmode":"overlay","size":10,"solidity":0.2}},"type":"barpolar"}],"pie":[{"automargin":true,"type":"pie"}]},"layout":{"autotypenumbers":"strict","colorway":["#636efa","#EF553B","#00cc96","#ab63fa","#FFA15A","#19d3f3","#FF6692","#B6E880","#FF97FF","#FECB52"],"font":{"color":"#2a3f5f"},"hovermode":"closest","hoverlabel":{"align":"left"},"paper_bgcolor":"white","plot_bgcolor":"#E5ECF6","polar":{"bgcolor":"#E5ECF6","angularaxis":{"gridcolor":"white","linecolor":"white","ticks":""},"radialaxis":{"gridcolor":"white","linecolor":"white","ticks":""}},"ternary":{"bgcolor":"#E5ECF6","aaxis":{"gridcolor":"white","linecolor":"white","ticks":""},"baxis":{"gridcolor":"white","linecolor":"white","ticks":""},"caxis":{"gridcolor":"white","linecolor":"white","ticks":""}},"coloraxis":{"colorbar":{"outlinewidth":0,"ticks":""}},"colorscale":{"sequential":[[0.0,"#0d0887"],[0.1111111111111111,"#46039f"],[0.2222222222222222,"#7201a8"],[0.3333333333333333,"#9c179e"],[0.4444444444444444,"#bd3786"],[0.5555555555555556,"#d8576b"],[0.6666666666666666,"#ed7953"],[0.7777777777777778,"#fb9f3a"],[0.8888888888888888,"#fdca26"],[1.0,"#f0f921"]],"sequentialminus":[[0.0,"#0d0887"],[0.1111111111111111,"#46039f"],[0.2222222222222222,"#7201a8"],[0.3333333333333333,"#9c179e"],[0.4444444444444444,"#bd3786"],[0.5555555555555556,"#d8576b"],[0.6666666666666666,"#ed7953"],[0.7777777777777778,"#fb9f3a"],[0.8888888888888888,"#fdca26"],[1.0,"#f0f921"]],"diverging":[[0,"#8e0152"],[0.1,"#c51b7d"],[0.2,"#de77ae"],[0.3,"#f1b6da"],[0.4,"#fde0ef"],[0.5,"#f7f7f7"],[0.6,"#e6f5d0"],[0.7,"#b8e186"],[0.8,"#7fbc41"],[0.9,"#4d9221"],[1,"#276419"]]},"xaxis":{"gridcolor":"white","linecolor":"white","ticks":"","title":{"standoff":15},"zerolinecolor":"white","automargin":true,"zerolinewidth":2},"yaxis":{"gridcolor":"white","linecolor":"white","ticks":"","title":{"standoff":15},"zerolinecolor":"white","automargin":true,"zerolinewidth":2},"scene":{"xaxis":{"backgroundcolor":"#E5ECF6","gridcolor":"white","linecolor":"white","showbackground":true,"ticks":"","zerolinecolor":"white","gridwidth":2},"yaxis":{"backgroundcolor":"#E5ECF6","gridcolor":"white","linecolor":"white","showbackground":true,"ticks":"","zerolinecolor":"white","gridwidth":2},"zaxis":{"backgroundcolor":"#E5ECF6","gridcolor":"white","linecolor":"white","showbackground":true,"ticks":"","zerolinecolor":"white","gridwidth":2}},"shapedefaults":{"line":{"color":"#2a3f5f"}},"annotationdefaults":{"arrowcolor":"#2a3f5f","arrowhead":0,"arrowwidth":1},"geo":{"bgcolor":"white","landcolor":"#E5ECF6","subunitcolor":"white","showland":true,"showlakes":true,"lakecolor":"white"},"title":{"x":0.05},"mapbox":{"style":"light"}}}},                        {"responsive": true}                    )                };            </script>        </div>
  </div>
  <script>
    const traces = document.querySelectorAll('.js-plotly-plot')[0].data;
    document.getElementById('apply-btn').onclick = function() {
      const select = document.getElementById('route-select');
      const chosen = Array.from(select.selectedOptions).map(opt => parseInt(opt.value));
      const update = {visible: []};
      traces.forEach(trace => {
        if (trace.name === 'Depot') { update.visible.push(true); }
        else { const num = parseInt(trace.name.split(' ')[1]); update.visible.push(chosen.includes(num)); }
      });
      Plotly.update('plot', update);
    };
  </script>
</body>
</html>
