
<html>
<head>
  <title>Interactive Routes - Golden_5.vrp</title>
  <script src='https://cdn.plot.ly/plotly-latest.min.js'></script>
</head>
<body>
  <h2>CVRP Routes: Golden_5.vrp</h2>
  <div>
    <label for='route-select'>Select routes to display:</label><br>
    <select id='route-select' multiple size='5'>
      <option value='1' selected>Route 1</option>
<option value='2' selected>Route 2</option>
<option value='3' selected>Route 3</option>
<option value='4' selected>Route 4</option>
<option value='5' selected>Route 5</option>
    </select>
  </div>
  <button id='apply-btn'>Apply Selection</button>
  <div id='plot'>
    <div>                        <script type="text/javascript">window.PlotlyConfig = {MathJaxConfig: 'local'};</script>
        <script charset="utf-8" src="https://cdn.plot.ly/plotly-3.0.1.min.js"></script>                <div id="ec35ffdc-5f2d-4bff-a7fb-08ed58023629" class="plotly-graph-div" style="height:100%; width:100%;"></div>            <script type="text/javascript">                window.PLOTLYENV=window.PLOTLYENV || {};                                if (document.getElementById("ec35ffdc-5f2d-4bff-a7fb-08ed58023629")) {                    Plotly.newPlot(                        "ec35ffdc-5f2d-4bff-a7fb-08ed58023629",                        [{"mode":"lines+markers","name":"Route 1","visible":true,"x":[0.0,28.5317,30.0,60.0,57.0634,85.5951,114.1268,142.65849,171.1902,199.72189,228.2536,256.78531,285.31699,300.0,270.0,240.0,210.0,180.0,150.0,120.0,90.0,85.5951,114.1268,142.65849,171.1902,199.72189,228.2536,256.78519,285.31699,242.70509,218.4346,194.16409,169.8936,145.62309,121.3525,97.082,72.8115,48.541,57.0634,28.5317,0.0],"y":[0.0,-9.2705,0.0,0.0,-18.541,-27.8115,-37.082,-46.3525,-55.623,-64.8935,-74.164,-83.4345,-92.705,0.0,0.0,0.0,0.0,0.0,0.0,0.0,0.0,27.8115,37.082,46.3526,55.6231,64.8936,74.1641,83.4346,92.7051,176.3356,158.702,141.0685,123.4349,105.8013,88.1678,70.5342,52.9007,35.2671,18.541,9.2705,0.0],"type":"scatter"},{"mode":"lines+markers","name":"Route 2","visible":true,"x":[0.0,24.2705,17.6336,35.2671,52.9007,70.5342,88.1678,105.8013,123.4349,141.0685,158.702,176.3356,92.7051,83.4346,74.1641,64.8936,55.6231,46.3525,37.082,27.8115,0.0,0.0,0.0,0.0,0.0,0.0,0.0,0.0,-92.7051,-83.4346,-74.1641,-64.8936,-55.6231,-46.3526,-37.082,-27.8115,-18.541,0.0,18.541,9.2705,0.0,-9.2705,0.0],"y":[0.0,17.6336,24.2705,48.541,72.8115,97.082,121.3526,145.62309,169.8936,194.16409,218.4346,242.70509,285.31699,256.78519,228.2536,199.72189,171.1902,142.65849,114.1268,85.5951,90.0,120.0,150.0,180.0,210.0,240.0,270.0,300.0,285.31699,256.78519,228.2536,199.72189,171.1902,142.65849,114.1268,85.5951,57.0634,60.0,57.0634,28.5317,30.0,28.5317,0.0],"type":"scatter"},{"mode":"lines+markers","name":"Route 3","visible":true,"x":[0.0,-28.5317,-30.0,-28.5317,-57.0634,-60.0,-90.0,-120.0,-150.0,-180.0,-210.0,-240.0,-270.0,-300.0,-285.31699,-256.78531,-228.2536,-199.72189,-171.1902,-142.65849,-114.1268,-85.5951,-72.8115,-97.082,-121.3526,-145.62309,-169.8936,-194.16409,-218.4346,-242.70509,-176.3356,-158.702,-141.0685,-123.4349,-105.8014,-88.1678,-70.5342,-52.9007,-35.2671,-48.541,-24.2705,-17.6336,0.0],"y":[0.0,-9.2705,0.0,9.2705,18.541,0.0,0.0,0.0,0.0,0.0,0.0,0.0,0.0,0.0,92.7051,83.4346,74.1641,64.8936,55.623,46.3525,37.082,27.8115,52.9007,70.5342,88.1678,105.8013,123.4349,141.0685,158.702,176.3356,242.70509,218.4346,194.16409,169.8936,145.623,121.3525,97.082,72.8115,48.541,35.2671,17.6336,24.2705,0.0],"type":"scatter"},{"mode":"lines+markers","name":"Route 4","visible":true,"x":[0.0,-24.2705,-17.6336,-35.2671,-48.541,-57.0634,-85.5951,-114.1268,-142.65849,-171.1902,-199.72189,-228.2536,-256.78519,-285.31699,-242.70509,-218.4346,-194.16409,-169.8936,-145.623,-121.3525,-97.082,-72.8115,-52.9007,-70.5342,-88.1678,-105.8013,-123.4349,-141.06841,-158.702,-176.33549,-92.7051,-83.4346,-74.164,-64.8935,-55.623,-46.3525,-37.082,-27.8115,-18.541,-9.2705,0.0],"y":[0.0,-17.6336,-24.2705,-48.541,-35.2671,-18.541,-27.8115,-37.0821,-46.3526,-55.6231,-64.8936,-74.1641,-83.4346,-92.7051,-176.3356,-158.702,-141.0685,-123.4349,-105.8014,-88.1678,-70.5342,-52.9007,-72.8115,-97.082,-121.3526,-145.62309,-169.8936,-194.16409,-218.4346,-242.70509,-285.31699,-256.78531,-228.2536,-199.72189,-171.1902,-142.65849,-114.1268,-85.5951,-57.0634,-28.5317,0.0],"type":"scatter"},{"mode":"lines+markers","name":"Route 5","visible":true,"x":[0.0,24.2705,17.6336,35.2671,48.541,72.8115,97.0821,121.3526,145.62309,169.8936,194.16409,218.4346,242.70509,176.3356,158.7021,141.0685,123.4349,105.8014,88.1678,70.5342,52.9007,27.8115,37.0821,46.3526,55.6231,64.8936,74.1641,83.4346,92.7051,0.0,0.0,0.0,0.0,0.0,0.0,0.0,0.0,0.0,18.541,9.2705,0.0,0.0],"y":[0.0,-17.6336,-24.2705,-48.541,-35.2671,-52.9007,-70.5342,-88.1678,-105.8013,-123.4349,-141.06841,-158.702,-176.33549,-242.70509,-218.4346,-194.16409,-169.8936,-145.623,-121.3525,-97.082,-72.8115,-85.5951,-114.1268,-142.65849,-171.1902,-199.72189,-228.2536,-256.78519,-285.31699,-300.0,-270.0,-240.0,-210.0,-180.0,-150.0,-120.0,-90.0,-60.0,-57.0634,-28.5317,-30.0,0.0],"type":"scatter"},{"marker":{"color":"red","size":12,"symbol":"star"},"mode":"markers","name":"Depot","visible":true,"x":[0.0],"y":[0.0],"type":"scatter"}],                        {"template":{"data":{"histogram2dcontour":[{"type":"histogram2dcontour","colorbar":{"outlinewidth":0,"ticks":""},"colorscale":[[0.0,"#0d0887"],[0.1111111111111111,"#46039f"],[0.2222222222222222,"#7201a8"],[0.3333333333333333,"#9c179e"],[0.4444444444444444,"#bd3786"],[0.5555555555555556,"#d8576b"],[0.6666666666666666,"#ed7953"],[0.7777777777777778,"#fb9f3a"],[0.8888888888888888,"#fdca26"],[1.0,"#f0f921"]]}],"choropleth":[{"type":"choropleth","colorbar":{"outlinewidth":0,"ticks":""}}],"histogram2d":[{"type":"histogram2d","colorbar":{"outlinewidth":0,"ticks":""},"colorscale":[[0.0,"#0d0887"],[0.1111111111111111,"#46039f"],[0.2222222222222222,"#7201a8"],[0.3333333333333333,"#9c179e"],[0.4444444444444444,"#bd3786"],[0.5555555555555556,"#d8576b"],[0.6666666666666666,"#ed7953"],[0.7777777777777778,"#fb9f3a"],[0.8888888888888888,"#fdca26"],[1.0,"#f0f921"]]}],"heatmap":[{"type":"heatmap","colorbar":{"outlinewidth":0,"ticks":""},"colorscale":[[0.0,"#0d0887"],[0.1111111111111111,"#46039f"],[0.2222222222222222,"#7201a8"],[0.3333333333333333,"#9c179e"],[0.4444444444444444,"#bd3786"],[0.5555555555555556,"#d8576b"],[0.6666666666666666,"#ed7953"],[0.7777777777777778,"#fb9f3a"],[0.8888888888888888,"#fdca26"],[1.0,"#f0f921"]]}],"contourcarpet":[{"type":"contourcarpet","colorbar":{"outlinewidth":0,"ticks":""}}],"contour":[{"type":"contour","colorbar":{"outlinewidth":0,"ticks":""},"colorscale":[[0.0,"#0d0887"],[0.1111111111111111,"#46039f"],[0.2222222222222222,"#7201a8"],[0.3333333333333333,"#9c179e"],[0.4444444444444444,"#bd3786"],[0.5555555555555556,"#d8576b"],[0.6666666666666666,"#ed7953"],[0.7777777777777778,"#fb9f3a"],[0.8888888888888888,"#fdca26"],[1.0,"#f0f921"]]}],"surface":[{"type":"surface","colorbar":{"outlinewidth":0,"ticks":""},"colorscale":[[0.0,"#0d0887"],[0.1111111111111111,"#46039f"],[0.2222222222222222,"#7201a8"],[0.3333333333333333,"#9c179e"],[0.4444444444444444,"#bd3786"],[0.5555555555555556,"#d8576b"],[0.6666666666666666,"#ed7953"],[0.7777777777777778,"#fb9f3a"],[0.8888888888888888,"#fdca26"],[1.0,"#f0f921"]]}],"mesh3d":[{"type":"mesh3d","colorbar":{"outlinewidth":0,"ticks":""}}],"scatter":[{"fillpattern":{"fillmode":"overlay","size":10,"solidity":0.2},"type":"scatter"}],"parcoords":[{"type":"parcoords","line":{"colorbar":{"outlinewidth":0,"ticks":""}}}],"scatterpolargl":[{"type":"scatterpolargl","marker":{"colorbar":{"outlinewidth":0,"ticks":""}}}],"bar":[{"error_x":{"color":"#2a3f5f"},"error_y":{"color":"#2a3f5f"},"marker":{"line":{"color":"#E5ECF6","width":0.5},"pattern":{"fillmode":"overlay","size":10,"solidity":0.2}},"type":"bar"}],"scattergeo":[{"type":"scattergeo","marker":{"colorbar":{"outlinewidth":0,"ticks":""}}}],"scatterpolar":[{"type":"scatterpolar","marker":{"colorbar":{"outlinewidth":0,"ticks":""}}}],"histogram":[{"marker":{"pattern":{"fillmode":"overlay","size":10,"solidity":0.2}},"type":"histogram"}],"scattergl":[{"type":"scattergl","marker":{"colorbar":{"outlinewidth":0,"ticks":""}}}],"scatter3d":[{"type":"scatter3d","line":{"colorbar":{"outlinewidth":0,"ticks":""}},"marker":{"colorbar":{"outlinewidth":0,"ticks":""}}}],"scattermap":[{"type":"scattermap","marker":{"colorbar":{"outlinewidth":0,"ticks":""}}}],"scattermapbox":[{"type":"scattermapbox","marker":{"colorbar":{"outlinewidth":0,"ticks":""}}}],"scatterternary":[{"type":"scatterternary","marker":{"colorbar":{"outlinewidth":0,"ticks":""}}}],"scattercarpet":[{"type":"scattercarpet","marker":{"colorbar":{"outlinewidth":0,"ticks":""}}}],"carpet":[{"aaxis":{"endlinecolor":"#2a3f5f","gridcolor":"white","linecolor":"white","minorgridcolor":"white","startlinecolor":"#2a3f5f"},"baxis":{"endlinecolor":"#2a3f5f","gridcolor":"white","linecolor":"white","minorgridcolor":"white","startlinecolor":"#2a3f5f"},"type":"carpet"}],"table":[{"cells":{"fill":{"color":"#EBF0F8"},"line":{"color":"white"}},"header":{"fill":{"color":"#C8D4E3"},"line":{"color":"white"}},"type":"table"}],"barpolar":[{"marker":{"line":{"color":"#E5ECF6","width":0.5},"pattern":{"fillmode":"overlay","size":10,"solidity":0.2}},"type":"barpolar"}],"pie":[{"automargin":true,"type":"pie"}]},"layout":{"autotypenumbers":"strict","colorway":["#636efa","#EF553B","#00cc96","#ab63fa","#FFA15A","#19d3f3","#FF6692","#B6E880","#FF97FF","#FECB52"],"font":{"color":"#2a3f5f"},"hovermode":"closest","hoverlabel":{"align":"left"},"paper_bgcolor":"white","plot_bgcolor":"#E5ECF6","polar":{"bgcolor":"#E5ECF6","angularaxis":{"gridcolor":"white","linecolor":"white","ticks":""},"radialaxis":{"gridcolor":"white","linecolor":"white","ticks":""}},"ternary":{"bgcolor":"#E5ECF6","aaxis":{"gridcolor":"white","linecolor":"white","ticks":""},"baxis":{"gridcolor":"white","linecolor":"white","ticks":""},"caxis":{"gridcolor":"white","linecolor":"white","ticks":""}},"coloraxis":{"colorbar":{"outlinewidth":0,"ticks":""}},"colorscale":{"sequential":[[0.0,"#0d0887"],[0.1111111111111111,"#46039f"],[0.2222222222222222,"#7201a8"],[0.3333333333333333,"#9c179e"],[0.4444444444444444,"#bd3786"],[0.5555555555555556,"#d8576b"],[0.6666666666666666,"#ed7953"],[0.7777777777777778,"#fb9f3a"],[0.8888888888888888,"#fdca26"],[1.0,"#f0f921"]],"sequentialminus":[[0.0,"#0d0887"],[0.1111111111111111,"#46039f"],[0.2222222222222222,"#7201a8"],[0.3333333333333333,"#9c179e"],[0.4444444444444444,"#bd3786"],[0.5555555555555556,"#d8576b"],[0.6666666666666666,"#ed7953"],[0.7777777777777778,"#fb9f3a"],[0.8888888888888888,"#fdca26"],[1.0,"#f0f921"]],"diverging":[[0,"#8e0152"],[0.1,"#c51b7d"],[0.2,"#de77ae"],[0.3,"#f1b6da"],[0.4,"#fde0ef"],[0.5,"#f7f7f7"],[0.6,"#e6f5d0"],[0.7,"#b8e186"],[0.8,"#7fbc41"],[0.9,"#4d9221"],[1,"#276419"]]},"xaxis":{"gridcolor":"white","linecolor":"white","ticks":"","title":{"standoff":15},"zerolinecolor":"white","automargin":true,"zerolinewidth":2},"yaxis":{"gridcolor":"white","linecolor":"white","ticks":"","title":{"standoff":15},"zerolinecolor":"white","automargin":true,"zerolinewidth":2},"scene":{"xaxis":{"backgroundcolor":"#E5ECF6","gridcolor":"white","linecolor":"white","showbackground":true,"ticks":"","zerolinecolor":"white","gridwidth":2},"yaxis":{"backgroundcolor":"#E5ECF6","gridcolor":"white","linecolor":"white","showbackground":true,"ticks":"","zerolinecolor":"white","gridwidth":2},"zaxis":{"backgroundcolor":"#E5ECF6","gridcolor":"white","linecolor":"white","showbackground":true,"ticks":"","zerolinecolor":"white","gridwidth":2}},"shapedefaults":{"line":{"color":"#2a3f5f"}},"annotationdefaults":{"arrowcolor":"#2a3f5f","arrowhead":0,"arrowwidth":1},"geo":{"bgcolor":"white","landcolor":"#E5ECF6","subunitcolor":"white","showland":true,"showlakes":true,"lakecolor":"white"},"title":{"x":0.05},"mapbox":{"style":"light"}}}},                        {"responsive": true}                    )                };            </script>        </div>
  </div>
  <script>
    const traces = document.querySelectorAll('.js-plotly-plot')[0].data;
    document.getElementById('apply-btn').onclick = function() {
      const select = document.getElementById('route-select');
      const chosen = Array.from(select.selectedOptions).map(opt => parseInt(opt.value));
      const update = {visible: []};
      traces.forEach(trace => {
        if (trace.name === 'Depot') { update.visible.push(true); }
        else { const num = parseInt(trace.name.split(' ')[1]); update.visible.push(chosen.includes(num)); }
      });
      Plotly.update('plot', update);
    };
  </script>
</body>
</html>
