
<html>
<head>
  <title>Interactive Routes - Golden_6.vrp</title>
  <script src='https://cdn.plot.ly/plotly-latest.min.js'></script>
</head>
<body>
  <h2>CVRP Routes: Golden_6.vrp</h2>
  <div>
    <label for='route-select'>Select routes to display:</label><br>
    <select id='route-select' multiple size='7'>
      <option value='1' selected>Route 1</option>
<option value='2' selected>Route 2</option>
<option value='3' selected>Route 3</option>
<option value='4' selected>Route 4</option>
<option value='5' selected>Route 5</option>
<option value='6' selected>Route 6</option>
<option value='7' selected>Route 7</option>
    </select>
  </div>
  <button id='apply-btn'>Apply Selection</button>
  <div id='plot'>
    <div>                        <script type="text/javascript">window.PlotlyConfig = {MathJaxConfig: 'local'};</script>
        <script charset="utf-8" src="https://cdn.plot.ly/plotly-3.0.1.min.js"></script>                <div id="c1066a3d-62d1-49c4-abb4-6d14909fc483" class="plotly-graph-div" style="height:100%; width:100%;"></div>            <script type="text/javascript">                window.PLOTLYENV=window.PLOTLYENV || {};                                if (document.getElementById("c1066a3d-62d1-49c4-abb4-6d14909fc483")) {                    Plotly.newPlot(                        "c1066a3d-62d1-49c4-abb4-6d14909fc483",                        [{"mode":"lines+markers","name":"Route 1","visible":true,"x":[0.0,-27.0291,-54.0581,-81.0872,-70.3648,-93.8198,-74.8188,-52.066,-65.0825,-78.0991,-91.1156,-104.1321,-117.1486,-130.1651,-187.04691,-168.34219,-149.6375,-130.9328,-112.2281,-93.5235,-117.2747,-140.72971,-164.1846,-187.6395,-211.0945,-234.54939,-270.29059,-243.2616,-216.2325,-189.20351,-162.17439,-135.14529,-108.1163,-120.0,-116.9913,-108.1163,-93.8198,-70.3648,-81.0872,-87.7435,-90.0,-60.0,-58.4957,-54.0581,-27.0291,-29.2478,0.0],"y":[0.0,-13.0165,-26.033,-39.0495,-56.1141,-74.8188,-93.8198,-108.1163,-135.14529,-162.17439,-189.20351,-216.2325,-243.2616,-270.29071,-234.5495,-211.0945,-187.6396,-164.1846,-140.72971,-117.2747,-93.5235,-112.2282,-130.93291,-149.6376,-168.3423,-187.047,-130.1651,-117.1486,-104.1321,-91.1156,-78.0991,-65.0826,-52.0661,0.0,26.7025,52.066,74.8188,56.1141,39.0495,20.0269,0.0,0.0,13.3513,26.033,13.0165,6.6756,0.0],"type":"scatter"},{"mode":"lines+markers","name":"Route 2","visible":true,"x":[0.0,-18.7047,-23.4549,-46.9099,-37.4094,-56.1141,-39.0495,-20.0269,0.0,0.0,-26.7025,-33.3781,-40.0537,-46.7294,-53.405,-60.0806,-66.7562,0.0,0.0,0.0,0.0,0.0,0.0,33.3782,40.0538,46.7294,53.4051,60.0807,66.7563,130.16521,117.1486,104.1321,91.1156,78.0991,65.0826,52.0661,26.7025,20.0269,39.0495,26.033,13.3513,0.0,-13.3512,-26.033,-13.0165,0.0],"y":[0.0,-23.4549,-18.7047,-37.4094,-46.9099,-70.3648,-81.0872,-87.7435,-90.0,-120.0,-116.9914,-146.2392,-175.487,-204.73489,-233.9827,-263.2305,-292.47839,-300.0,-270.0,-240.0,-210.0,-180.0,-150.0,-146.2392,-175.487,-204.7348,-233.9827,-263.2305,-292.47839,-270.29059,-243.2616,-216.2325,-189.2034,-162.17439,-135.14529,-108.1163,-116.9913,-87.7435,-81.0872,-54.0581,-58.4957,-60.0,-58.4957,-54.0581,-27.0291,0.0],"type":"scatter"},{"mode":"lines+markers","name":"Route 3","visible":true,"x":[0.0,18.7047,37.4094,46.9099,70.3648,56.1141,74.8188,93.5235,112.2282,130.93291,149.6376,168.3423,187.047,234.5495,211.0945,187.6396,164.1846,140.72971,117.2747,93.8198,108.1163,135.14529,162.17439,189.20351,216.2325,243.2616,270.29071,292.47839,263.23059,233.9827,204.73489,175.487,146.2392,116.9914,87.7435,81.0872,54.0581,58.4957,60.0,58.4957,54.0581,46.9099,37.4094,26.033,13.0165,0.0],"y":[0.0,-23.4549,-46.9099,-37.4094,-56.1141,-70.3648,-93.8198,-117.2747,-140.7296,-164.1846,-187.6395,-211.0945,-234.54939,-187.04691,-168.34219,-149.6375,-130.9328,-112.2281,-93.5235,-74.8188,-52.066,-65.0825,-78.099,-91.1156,-104.1321,-117.1486,-130.1651,-66.7562,-60.0806,-53.405,-46.7294,-40.0537,-33.3781,-26.7025,-20.0269,-39.0495,-26.033,-13.3512,0.0,13.3513,26.033,37.4094,46.9099,54.0581,27.0291,0.0],"type":"scatter"},{"mode":"lines+markers","name":"Route 4","visible":true,"x":[0.0,-6.6756,0.0,6.6756,13.0165,23.4549,27.0291,29.2478,30.0,29.2478,27.0291,23.4549,18.7047,0.0],"y":[0.0,-29.2478,-30.0,-29.2478,-27.0291,-18.7047,-13.0165,-6.6756,0.0,6.6756,13.0165,18.7047,23.4549,0.0],"type":"scatter"},{"mode":"lines+markers","name":"Route 5","visible":true,"x":[0.0,-6.6756,0.0,0.0,0.0,0.0,26.7025,52.066,74.8188,93.8198,117.2747,140.72971,164.1846,187.6396,211.0945,234.54939,270.29059,243.2616,216.2325,189.20351,162.17439,135.14529,108.1163,116.9913,146.2392,175.487,204.73489,233.9827,263.2305,292.47839,300.0,270.0,240.0,210.0,180.0,150.0,120.0,90.0,87.7435,81.0872,70.3648,56.1141,39.0495,20.0269,13.3513,6.6756,0.0],"y":[0.0,29.2478,30.0,60.0,90.0,120.0,116.9913,108.1163,93.8198,74.8188,93.5235,112.2282,130.93291,149.6376,168.3423,187.047,130.1651,117.1486,104.1321,91.1156,78.0991,65.0826,52.0661,26.7025,33.3781,40.0538,46.7294,53.405,60.0807,66.7563,0.0,0.0,0.0,0.0,0.0,0.0,0.0,0.0,20.0269,39.0495,56.1141,70.3648,81.0872,87.7435,58.4957,29.2478,0.0],"type":"scatter"},{"mode":"lines+markers","name":"Route 6","visible":true,"x":[0.0,-13.0165,-13.3513,-20.0269,-26.7025,-33.3781,0.0,33.3781,65.0826,93.5235,112.2282,130.93291,149.6375,168.34219,187.04691,130.1651,117.1486,104.1321,91.1156,78.0991,40.0538,46.7294,53.405,60.0806,66.7563,0.0,0.0,0.0,0.0,0.0,-40.0538,-46.7294,-53.405,-60.0807,-66.7563,-130.1651,-117.1486,-104.1321,-91.1156,-78.0991,-65.0826,-52.0661,-39.0495,-26.033,-18.7047,0.0],"y":[0.0,27.0291,58.4957,87.7435,116.9913,146.2392,150.0,146.2392,135.14529,117.2747,140.72971,164.1846,187.6396,211.0945,234.5495,270.29059,243.2616,216.2325,189.20351,162.17439,175.487,204.73489,233.9827,263.2305,292.47839,300.0,270.0,240.0,210.0,180.0,175.487,204.73489,233.9827,263.2305,292.47839,270.29059,243.2616,216.2325,189.20351,162.17439,135.14529,108.1163,81.0872,54.0581,23.4549,0.0],"type":"scatter"},{"mode":"lines+markers","name":"Route 7","visible":true,"x":[0.0,-30.0,-29.2478,-58.4957,-87.7435,-116.9913,-146.2392,-175.487,-204.73489,-233.9827,-263.2305,-292.47839,-300.0,-270.0,-240.0,-210.0,-180.0,-150.0,-146.2392,-175.487,-204.73489,-233.9827,-263.2305,-292.47839,-270.29071,-243.2616,-216.2325,-189.20351,-162.17439,-135.14529,-117.2747,-140.72971,-164.1846,-187.6396,-211.0945,-234.5495,-187.047,-168.3423,-149.6376,-130.93291,-112.2282,-93.5235,-74.8188,-56.1141,-37.4094,-46.9099,-23.4549,0.0],"y":[0.0,0.0,-6.6756,-13.3513,-20.0269,-26.7025,-33.3782,-40.0538,-46.7294,-53.405,-60.0807,-66.7563,0.0,0.0,0.0,0.0,0.0,0.0,33.3781,40.0538,46.7294,53.405,60.0806,66.7563,130.1651,117.1486,104.1321,91.1156,78.0991,65.0826,93.5235,112.2282,130.9328,149.6375,168.34219,187.04691,234.54939,211.0945,187.6395,164.1846,140.72971,117.2747,93.8198,70.3648,46.9099,37.4094,18.7047,0.0],"type":"scatter"},{"marker":{"color":"red","size":12,"symbol":"star"},"mode":"markers","name":"Depot","visible":true,"x":[0.0],"y":[0.0],"type":"scatter"}],                        {"template":{"data":{"histogram2dcontour":[{"type":"histogram2dcontour","colorbar":{"outlinewidth":0,"ticks":""},"colorscale":[[0.0,"#0d0887"],[0.1111111111111111,"#46039f"],[0.2222222222222222,"#7201a8"],[0.3333333333333333,"#9c179e"],[0.4444444444444444,"#bd3786"],[0.5555555555555556,"#d8576b"],[0.6666666666666666,"#ed7953"],[0.7777777777777778,"#fb9f3a"],[0.8888888888888888,"#fdca26"],[1.0,"#f0f921"]]}],"choropleth":[{"type":"choropleth","colorbar":{"outlinewidth":0,"ticks":""}}],"histogram2d":[{"type":"histogram2d","colorbar":{"outlinewidth":0,"ticks":""},"colorscale":[[0.0,"#0d0887"],[0.1111111111111111,"#46039f"],[0.2222222222222222,"#7201a8"],[0.3333333333333333,"#9c179e"],[0.4444444444444444,"#bd3786"],[0.5555555555555556,"#d8576b"],[0.6666666666666666,"#ed7953"],[0.7777777777777778,"#fb9f3a"],[0.8888888888888888,"#fdca26"],[1.0,"#f0f921"]]}],"heatmap":[{"type":"heatmap","colorbar":{"outlinewidth":0,"ticks":""},"colorscale":[[0.0,"#0d0887"],[0.1111111111111111,"#46039f"],[0.2222222222222222,"#7201a8"],[0.3333333333333333,"#9c179e"],[0.4444444444444444,"#bd3786"],[0.5555555555555556,"#d8576b"],[0.6666666666666666,"#ed7953"],[0.7777777777777778,"#fb9f3a"],[0.8888888888888888,"#fdca26"],[1.0,"#f0f921"]]}],"contourcarpet":[{"type":"contourcarpet","colorbar":{"outlinewidth":0,"ticks":""}}],"contour":[{"type":"contour","colorbar":{"outlinewidth":0,"ticks":""},"colorscale":[[0.0,"#0d0887"],[0.1111111111111111,"#46039f"],[0.2222222222222222,"#7201a8"],[0.3333333333333333,"#9c179e"],[0.4444444444444444,"#bd3786"],[0.5555555555555556,"#d8576b"],[0.6666666666666666,"#ed7953"],[0.7777777777777778,"#fb9f3a"],[0.8888888888888888,"#fdca26"],[1.0,"#f0f921"]]}],"surface":[{"type":"surface","colorbar":{"outlinewidth":0,"ticks":""},"colorscale":[[0.0,"#0d0887"],[0.1111111111111111,"#46039f"],[0.2222222222222222,"#7201a8"],[0.3333333333333333,"#9c179e"],[0.4444444444444444,"#bd3786"],[0.5555555555555556,"#d8576b"],[0.6666666666666666,"#ed7953"],[0.7777777777777778,"#fb9f3a"],[0.8888888888888888,"#fdca26"],[1.0,"#f0f921"]]}],"mesh3d":[{"type":"mesh3d","colorbar":{"outlinewidth":0,"ticks":""}}],"scatter":[{"fillpattern":{"fillmode":"overlay","size":10,"solidity":0.2},"type":"scatter"}],"parcoords":[{"type":"parcoords","line":{"colorbar":{"outlinewidth":0,"ticks":""}}}],"scatterpolargl":[{"type":"scatterpolargl","marker":{"colorbar":{"outlinewidth":0,"ticks":""}}}],"bar":[{"error_x":{"color":"#2a3f5f"},"error_y":{"color":"#2a3f5f"},"marker":{"line":{"color":"#E5ECF6","width":0.5},"pattern":{"fillmode":"overlay","size":10,"solidity":0.2}},"type":"bar"}],"scattergeo":[{"type":"scattergeo","marker":{"colorbar":{"outlinewidth":0,"ticks":""}}}],"scatterpolar":[{"type":"scatterpolar","marker":{"colorbar":{"outlinewidth":0,"ticks":""}}}],"histogram":[{"marker":{"pattern":{"fillmode":"overlay","size":10,"solidity":0.2}},"type":"histogram"}],"scattergl":[{"type":"scattergl","marker":{"colorbar":{"outlinewidth":0,"ticks":""}}}],"scatter3d":[{"type":"scatter3d","line":{"colorbar":{"outlinewidth":0,"ticks":""}},"marker":{"colorbar":{"outlinewidth":0,"ticks":""}}}],"scattermap":[{"type":"scattermap","marker":{"colorbar":{"outlinewidth":0,"ticks":""}}}],"scattermapbox":[{"type":"scattermapbox","marker":{"colorbar":{"outlinewidth":0,"ticks":""}}}],"scatterternary":[{"type":"scatterternary","marker":{"colorbar":{"outlinewidth":0,"ticks":""}}}],"scattercarpet":[{"type":"scattercarpet","marker":{"colorbar":{"outlinewidth":0,"ticks":""}}}],"carpet":[{"aaxis":{"endlinecolor":"#2a3f5f","gridcolor":"white","linecolor":"white","minorgridcolor":"white","startlinecolor":"#2a3f5f"},"baxis":{"endlinecolor":"#2a3f5f","gridcolor":"white","linecolor":"white","minorgridcolor":"white","startlinecolor":"#2a3f5f"},"type":"carpet"}],"table":[{"cells":{"fill":{"color":"#EBF0F8"},"line":{"color":"white"}},"header":{"fill":{"color":"#C8D4E3"},"line":{"color":"white"}},"type":"table"}],"barpolar":[{"marker":{"line":{"color":"#E5ECF6","width":0.5},"pattern":{"fillmode":"overlay","size":10,"solidity":0.2}},"type":"barpolar"}],"pie":[{"automargin":true,"type":"pie"}]},"layout":{"autotypenumbers":"strict","colorway":["#636efa","#EF553B","#00cc96","#ab63fa","#FFA15A","#19d3f3","#FF6692","#B6E880","#FF97FF","#FECB52"],"font":{"color":"#2a3f5f"},"hovermode":"closest","hoverlabel":{"align":"left"},"paper_bgcolor":"white","plot_bgcolor":"#E5ECF6","polar":{"bgcolor":"#E5ECF6","angularaxis":{"gridcolor":"white","linecolor":"white","ticks":""},"radialaxis":{"gridcolor":"white","linecolor":"white","ticks":""}},"ternary":{"bgcolor":"#E5ECF6","aaxis":{"gridcolor":"white","linecolor":"white","ticks":""},"baxis":{"gridcolor":"white","linecolor":"white","ticks":""},"caxis":{"gridcolor":"white","linecolor":"white","ticks":""}},"coloraxis":{"colorbar":{"outlinewidth":0,"ticks":""}},"colorscale":{"sequential":[[0.0,"#0d0887"],[0.1111111111111111,"#46039f"],[0.2222222222222222,"#7201a8"],[0.3333333333333333,"#9c179e"],[0.4444444444444444,"#bd3786"],[0.5555555555555556,"#d8576b"],[0.6666666666666666,"#ed7953"],[0.7777777777777778,"#fb9f3a"],[0.8888888888888888,"#fdca26"],[1.0,"#f0f921"]],"sequentialminus":[[0.0,"#0d0887"],[0.1111111111111111,"#46039f"],[0.2222222222222222,"#7201a8"],[0.3333333333333333,"#9c179e"],[0.4444444444444444,"#bd3786"],[0.5555555555555556,"#d8576b"],[0.6666666666666666,"#ed7953"],[0.7777777777777778,"#fb9f3a"],[0.8888888888888888,"#fdca26"],[1.0,"#f0f921"]],"diverging":[[0,"#8e0152"],[0.1,"#c51b7d"],[0.2,"#de77ae"],[0.3,"#f1b6da"],[0.4,"#fde0ef"],[0.5,"#f7f7f7"],[0.6,"#e6f5d0"],[0.7,"#b8e186"],[0.8,"#7fbc41"],[0.9,"#4d9221"],[1,"#276419"]]},"xaxis":{"gridcolor":"white","linecolor":"white","ticks":"","title":{"standoff":15},"zerolinecolor":"white","automargin":true,"zerolinewidth":2},"yaxis":{"gridcolor":"white","linecolor":"white","ticks":"","title":{"standoff":15},"zerolinecolor":"white","automargin":true,"zerolinewidth":2},"scene":{"xaxis":{"backgroundcolor":"#E5ECF6","gridcolor":"white","linecolor":"white","showbackground":true,"ticks":"","zerolinecolor":"white","gridwidth":2},"yaxis":{"backgroundcolor":"#E5ECF6","gridcolor":"white","linecolor":"white","showbackground":true,"ticks":"","zerolinecolor":"white","gridwidth":2},"zaxis":{"backgroundcolor":"#E5ECF6","gridcolor":"white","linecolor":"white","showbackground":true,"ticks":"","zerolinecolor":"white","gridwidth":2}},"shapedefaults":{"line":{"color":"#2a3f5f"}},"annotationdefaults":{"arrowcolor":"#2a3f5f","arrowhead":0,"arrowwidth":1},"geo":{"bgcolor":"white","landcolor":"#E5ECF6","subunitcolor":"white","showland":true,"showlakes":true,"lakecolor":"white"},"title":{"x":0.05},"mapbox":{"style":"light"}}}},                        {"responsive": true}                    )                };            </script>        </div>
  </div>
  <script>
    const traces = document.querySelectorAll('.js-plotly-plot')[0].data;
    document.getElementById('apply-btn').onclick = function() {
      const select = document.getElementById('route-select');
      const chosen = Array.from(select.selectedOptions).map(opt => parseInt(opt.value));
      const update = {visible: []};
      traces.forEach(trace => {
        if (trace.name === 'Depot') { update.visible.push(true); }
        else { const num = parseInt(trace.name.split(' ')[1]); update.visible.push(chosen.includes(num)); }
      });
      Plotly.update('plot', update);
    };
  </script>
</body>
</html>
