
<html>
<head>
  <title>Interactive Routes - Golden_2.vrp</title>
  <script src='https://cdn.plot.ly/plotly-latest.min.js'></script>
</head>
<body>
  <h2>CVRP Routes: Golden_2.vrp (Cost: 8404.61)</h2>
  <div id='plot'>
    <div>                        <script type="text/javascript">window.PlotlyConfig = {MathJaxConfig: 'local'};</script>
        <script charset="utf-8" src="https://cdn.plot.ly/plotly-3.0.1.min.js"></script>                <div id="baf11a42-78bb-473f-a33b-3e0d5dca624d" class="plotly-graph-div" style="height:100%; width:100%;"></div>            <script type="text/javascript">                window.PLOTLYENV=window.PLOTLYENV || {};                                if (document.getElementById("baf11a42-78bb-473f-a33b-3e0d5dca624d")) {                    Plotly.newPlot(                        "baf11a42-78bb-473f-a33b-3e0d5dca624d",                        [{"mode":"lines+markers","name":"Route 1","visible":true,"x":[0.0,-30.0,-60.0,-59.2613,-88.892,-118.5226,-114.1268,-106.9208,-97.082,-84.8528,-106.066,-121.3525,-145.623,-127.2792,-148.4924,-169.7056,-194.16409,-169.8936,-187.1114,-213.8416,-228.2536,-199.72189,-171.1902,-160.3812,-133.651,-142.65849,-148.1532,-150.0,-120.0,-90.0,-88.892,-59.2613,-29.6307,0.0],"y":[0.0,0.0,0.0,-9.3861,-14.0791,-18.7721,-37.0821,-54.4789,-70.5342,-84.8528,-106.066,-88.1678,-105.8014,-127.2792,-148.4924,-169.7056,-141.0685,-123.4349,-95.338,-108.9577,-74.1641,-64.8936,-55.6231,-81.7183,-68.0986,-46.3526,-23.4652,0.0,0.0,0.0,14.0791,9.3861,4.693,0.0],"type":"scatter"},{"mode":"lines+markers","name":"Route 2","visible":true,"x":[0.0,-4.693,-9.2705,-13.6197,-17.6336,-21.2132,-24.2705,-48.541,-42.4264,-35.2671,-27.2394,-18.541,-9.3861,-14.0791,-27.8115,-40.8591,-52.9007,-63.6396,-72.8115,-80.1906,-85.5951,-57.0634,-53.4604,-26.7302,-28.5317,-29.6306,0.0],"y":[0.0,-29.6307,-28.5317,-26.7302,-24.2705,-21.2132,-17.6336,-35.2671,-42.4264,-48.541,-53.4604,-57.0634,-59.2613,-88.892,-85.5951,-80.1906,-72.8115,-63.6396,-52.9007,-40.8592,-27.8115,-18.541,-27.2394,-13.6197,-9.2705,-4.693,0.0],"type":"scatter"},{"mode":"lines+markers","name":"Route 3","visible":true,"x":[0.0,0.0,0.0,0.0,0.0,-18.7721,-37.082,-54.4788,-70.5342,-88.1678,-68.0986,-81.7183,-105.8013,-123.4349,-141.06841,-108.9577,-95.338,-64.8935,-74.164,-37.5442,-32.8512,-28.1582,-55.623,-46.3525,-23.4652,0.0,23.4652,18.7722,14.0791,27.8115,18.541,9.3861,4.693,0.0],"y":[0.0,-30.0,-60.0,-90.0,-120.0,-118.5226,-114.1268,-106.9208,-97.082,-121.3526,-133.651,-160.3812,-145.62309,-169.8936,-194.16409,-213.8416,-187.1114,-199.72189,-228.2536,-237.0452,-207.4146,-177.78391,-171.1902,-142.65849,-148.15331,-150.0,-148.1532,-118.5226,-88.892,-85.5951,-57.0634,-59.2613,-29.6306,0.0],"type":"scatter"},{"mode":"lines+markers","name":"Route 4","visible":true,"x":[0.0,9.2705,13.6197,27.2394,40.8592,54.4789,37.0821,46.3526,55.6231,28.1582,0.0,0.0,0.0,37.5443,32.8513,64.8936,74.1641,108.9577,95.338,81.7183,68.0986,88.1678,106.066,121.3526,97.0821,84.8528,70.5342,52.9007,63.6396,72.8115,48.541,42.4264,35.2671,17.6336,21.2132,24.2705,0.0],"y":[0.0,-28.5317,-26.7302,-53.4604,-80.1906,-106.9208,-114.1268,-142.65849,-171.1902,-177.78391,-180.0,-210.0,-240.0,-237.0452,-207.4146,-199.72189,-228.2536,-213.8416,-187.1114,-160.3812,-133.651,-121.3525,-106.066,-88.1678,-70.5342,-84.8528,-97.082,-72.8115,-63.6396,-52.9007,-35.2671,-42.4264,-48.541,-24.2705,-21.2132,-17.6336,0.0],"type":"scatter"},{"mode":"lines+markers","name":"Route 5","visible":true,"x":[0.0,26.7302,53.4604,80.1906,106.9208,133.651,160.3812,145.62309,127.2792,105.8014,123.4349,141.0685,169.7057,148.4924,169.8936,194.16409,213.8416,187.1114,199.72189,228.2536,237.0452,207.4146,177.78391,171.1902,142.65849,114.1268,85.5951,57.0634,28.5317,0.0],"y":[0.0,-13.6197,-27.2394,-40.8591,-54.4788,-68.0986,-81.7183,-105.8013,-127.2792,-145.623,-169.8936,-194.16409,-169.7056,-148.4924,-123.4349,-141.06841,-108.9577,-95.338,-64.8935,-74.164,-37.5442,-32.8512,-28.1582,-55.623,-46.3525,-37.082,-27.8115,-18.541,-9.2705,0.0],"type":"scatter"},{"mode":"lines+markers","name":"Route 6","visible":true,"x":[0.0,29.6307,30.0,60.0,59.2613,88.892,90.0,120.0,118.5226,148.15331,150.0,180.0,210.0,240.0,237.0452,207.4146,177.78391,171.1902,199.72189,228.2536,213.8416,187.1114,160.3812,133.651,142.65849,148.1532,118.5226,114.1268,85.5951,88.892,59.2613,57.0634,53.4604,48.541,24.2705,26.7302,28.5317,29.6306,0.0],"y":[0.0,-4.693,0.0,0.0,-9.3861,-14.0791,0.0,0.0,-18.7721,-23.4651,0.0,0.0,0.0,0.0,37.5443,32.8512,28.1582,55.6231,64.8936,74.1641,108.9577,95.338,81.7183,68.0986,46.3526,23.4652,18.7721,37.082,27.8115,14.0791,9.3861,18.541,27.2394,35.2671,17.6336,13.6197,9.2705,4.693,0.0],"type":"scatter"},{"mode":"lines+markers","name":"Route 7","visible":true,"x":[0.0,13.6197,27.2394,40.8591,27.8115,37.082,54.4789,70.5342,84.8528,106.066,88.1678,68.0986,81.7183,95.338,108.9577,141.0685,123.4349,105.8013,127.2792,148.4924,169.7056,194.16409,169.8936,145.62309,121.3525,97.082,106.9208,80.1906,72.8115,63.6396,52.9007,35.2671,42.4264,21.2132,17.6336,0.0],"y":[0.0,26.7302,53.4604,80.1906,85.5951,114.1268,106.9208,97.082,84.8528,106.066,121.3526,133.651,160.3812,187.1114,213.8416,194.16409,169.8936,145.62309,127.2792,148.4924,169.7056,141.0685,123.4349,105.8013,88.1678,70.5342,54.4789,40.8591,52.9007,63.6396,72.8115,48.541,42.4264,21.2132,24.2705,0.0],"type":"scatter"},{"mode":"lines+markers","name":"Route 8","visible":true,"x":[0.0,4.693,0.0,-4.693,-9.3861,-18.541,-27.8115,-14.0791,-18.7721,-37.082,-46.3526,-23.4652,-28.1582,-32.8512,-37.5443,0.0,0.0,0.0,28.1582,32.8512,37.5443,74.1641,64.8936,55.6231,46.3525,23.4652,0.0,0.0,18.7721,14.0791,0.0,0.0,9.3861,18.541,9.2705,0.0],"y":[0.0,29.6306,30.0,29.6306,59.2613,57.0634,85.5951,88.892,118.5226,114.1268,142.65849,148.1532,177.78391,207.4146,237.0452,240.0,210.0,180.0,177.78391,207.4146,237.0452,228.2536,199.72189,171.1902,142.65849,148.15331,150.0,120.0,118.5226,88.892,90.0,60.0,59.2613,57.0634,28.5317,0.0],"type":"scatter"},{"mode":"lines+markers","name":"Route 9","visible":true,"x":[0.0,-17.6336,-35.2671,-52.9007,-70.5342,-88.1678,-105.8014,-127.2792,-145.62309,-160.3812,-187.1114,-213.8416,-194.16409,-169.8936,-148.4924,-169.7056,-141.0685,-123.4349,-95.338,-108.9577,-74.1641,-64.8936,-55.6231,-81.7183,-68.0986,-54.4789,-40.8591,-27.2394,-13.6197,-9.2705,0.0],"y":[0.0,24.2705,48.541,72.8115,97.082,121.3525,145.623,127.2792,105.8013,81.7183,95.338,108.9577,141.0685,123.4349,148.4924,169.7056,194.16409,169.8936,187.1114,213.8416,228.2536,199.72189,171.1902,160.3812,133.651,106.9208,80.1906,53.4604,26.7302,28.5317,0.0],"type":"scatter"},{"mode":"lines+markers","name":"Route 10","visible":true,"x":[0.0,-28.5317,-26.7302,-53.4604,-57.0634,-85.5951,-80.1906,-106.9208,-114.1268,-118.5226,-148.15331,-177.78391,-180.0,-177.78391,-207.4146,-237.0452,-240.0,-210.0,-207.4146,-237.0452,-228.2536,-199.72189,-171.1902,-142.65849,-133.651,-121.3526,-106.066,-84.8528,-97.082,-72.8115,-63.6396,-42.4264,-48.541,-24.2705,-21.2132,0.0],"y":[0.0,9.2705,13.6197,27.2394,18.541,27.8115,40.8591,54.4789,37.082,18.7721,23.4652,28.1582,0.0,-28.1582,-32.8513,-37.5443,0.0,0.0,32.8512,37.5443,74.1641,64.8936,55.623,46.3525,68.0986,88.1678,106.066,84.8528,70.5342,52.9007,63.6396,42.4264,35.2671,17.6336,21.2132,0.0],"type":"scatter"},{"marker":{"color":"red","size":12,"symbol":"star"},"mode":"markers","name":"Depot","visible":true,"x":[0.0],"y":[0.0],"type":"scatter"}],                        {"template":{"data":{"histogram2dcontour":[{"type":"histogram2dcontour","colorbar":{"outlinewidth":0,"ticks":""},"colorscale":[[0.0,"#0d0887"],[0.1111111111111111,"#46039f"],[0.2222222222222222,"#7201a8"],[0.3333333333333333,"#9c179e"],[0.4444444444444444,"#bd3786"],[0.5555555555555556,"#d8576b"],[0.6666666666666666,"#ed7953"],[0.7777777777777778,"#fb9f3a"],[0.8888888888888888,"#fdca26"],[1.0,"#f0f921"]]}],"choropleth":[{"type":"choropleth","colorbar":{"outlinewidth":0,"ticks":""}}],"histogram2d":[{"type":"histogram2d","colorbar":{"outlinewidth":0,"ticks":""},"colorscale":[[0.0,"#0d0887"],[0.1111111111111111,"#46039f"],[0.2222222222222222,"#7201a8"],[0.3333333333333333,"#9c179e"],[0.4444444444444444,"#bd3786"],[0.5555555555555556,"#d8576b"],[0.6666666666666666,"#ed7953"],[0.7777777777777778,"#fb9f3a"],[0.8888888888888888,"#fdca26"],[1.0,"#f0f921"]]}],"heatmap":[{"type":"heatmap","colorbar":{"outlinewidth":0,"ticks":""},"colorscale":[[0.0,"#0d0887"],[0.1111111111111111,"#46039f"],[0.2222222222222222,"#7201a8"],[0.3333333333333333,"#9c179e"],[0.4444444444444444,"#bd3786"],[0.5555555555555556,"#d8576b"],[0.6666666666666666,"#ed7953"],[0.7777777777777778,"#fb9f3a"],[0.8888888888888888,"#fdca26"],[1.0,"#f0f921"]]}],"contourcarpet":[{"type":"contourcarpet","colorbar":{"outlinewidth":0,"ticks":""}}],"contour":[{"type":"contour","colorbar":{"outlinewidth":0,"ticks":""},"colorscale":[[0.0,"#0d0887"],[0.1111111111111111,"#46039f"],[0.2222222222222222,"#7201a8"],[0.3333333333333333,"#9c179e"],[0.4444444444444444,"#bd3786"],[0.5555555555555556,"#d8576b"],[0.6666666666666666,"#ed7953"],[0.7777777777777778,"#fb9f3a"],[0.8888888888888888,"#fdca26"],[1.0,"#f0f921"]]}],"surface":[{"type":"surface","colorbar":{"outlinewidth":0,"ticks":""},"colorscale":[[0.0,"#0d0887"],[0.1111111111111111,"#46039f"],[0.2222222222222222,"#7201a8"],[0.3333333333333333,"#9c179e"],[0.4444444444444444,"#bd3786"],[0.5555555555555556,"#d8576b"],[0.6666666666666666,"#ed7953"],[0.7777777777777778,"#fb9f3a"],[0.8888888888888888,"#fdca26"],[1.0,"#f0f921"]]}],"mesh3d":[{"type":"mesh3d","colorbar":{"outlinewidth":0,"ticks":""}}],"scatter":[{"fillpattern":{"fillmode":"overlay","size":10,"solidity":0.2},"type":"scatter"}],"parcoords":[{"type":"parcoords","line":{"colorbar":{"outlinewidth":0,"ticks":""}}}],"scatterpolargl":[{"type":"scatterpolargl","marker":{"colorbar":{"outlinewidth":0,"ticks":""}}}],"bar":[{"error_x":{"color":"#2a3f5f"},"error_y":{"color":"#2a3f5f"},"marker":{"line":{"color":"#E5ECF6","width":0.5},"pattern":{"fillmode":"overlay","size":10,"solidity":0.2}},"type":"bar"}],"scattergeo":[{"type":"scattergeo","marker":{"colorbar":{"outlinewidth":0,"ticks":""}}}],"scatterpolar":[{"type":"scatterpolar","marker":{"colorbar":{"outlinewidth":0,"ticks":""}}}],"histogram":[{"marker":{"pattern":{"fillmode":"overlay","size":10,"solidity":0.2}},"type":"histogram"}],"scattergl":[{"type":"scattergl","marker":{"colorbar":{"outlinewidth":0,"ticks":""}}}],"scatter3d":[{"type":"scatter3d","line":{"colorbar":{"outlinewidth":0,"ticks":""}},"marker":{"colorbar":{"outlinewidth":0,"ticks":""}}}],"scattermap":[{"type":"scattermap","marker":{"colorbar":{"outlinewidth":0,"ticks":""}}}],"scattermapbox":[{"type":"scattermapbox","marker":{"colorbar":{"outlinewidth":0,"ticks":""}}}],"scatterternary":[{"type":"scatterternary","marker":{"colorbar":{"outlinewidth":0,"ticks":""}}}],"scattercarpet":[{"type":"scattercarpet","marker":{"colorbar":{"outlinewidth":0,"ticks":""}}}],"carpet":[{"aaxis":{"endlinecolor":"#2a3f5f","gridcolor":"white","linecolor":"white","minorgridcolor":"white","startlinecolor":"#2a3f5f"},"baxis":{"endlinecolor":"#2a3f5f","gridcolor":"white","linecolor":"white","minorgridcolor":"white","startlinecolor":"#2a3f5f"},"type":"carpet"}],"table":[{"cells":{"fill":{"color":"#EBF0F8"},"line":{"color":"white"}},"header":{"fill":{"color":"#C8D4E3"},"line":{"color":"white"}},"type":"table"}],"barpolar":[{"marker":{"line":{"color":"#E5ECF6","width":0.5},"pattern":{"fillmode":"overlay","size":10,"solidity":0.2}},"type":"barpolar"}],"pie":[{"automargin":true,"type":"pie"}]},"layout":{"autotypenumbers":"strict","colorway":["#636efa","#EF553B","#00cc96","#ab63fa","#FFA15A","#19d3f3","#FF6692","#B6E880","#FF97FF","#FECB52"],"font":{"color":"#2a3f5f"},"hovermode":"closest","hoverlabel":{"align":"left"},"paper_bgcolor":"white","plot_bgcolor":"#E5ECF6","polar":{"bgcolor":"#E5ECF6","angularaxis":{"gridcolor":"white","linecolor":"white","ticks":""},"radialaxis":{"gridcolor":"white","linecolor":"white","ticks":""}},"ternary":{"bgcolor":"#E5ECF6","aaxis":{"gridcolor":"white","linecolor":"white","ticks":""},"baxis":{"gridcolor":"white","linecolor":"white","ticks":""},"caxis":{"gridcolor":"white","linecolor":"white","ticks":""}},"coloraxis":{"colorbar":{"outlinewidth":0,"ticks":""}},"colorscale":{"sequential":[[0.0,"#0d0887"],[0.1111111111111111,"#46039f"],[0.2222222222222222,"#7201a8"],[0.3333333333333333,"#9c179e"],[0.4444444444444444,"#bd3786"],[0.5555555555555556,"#d8576b"],[0.6666666666666666,"#ed7953"],[0.7777777777777778,"#fb9f3a"],[0.8888888888888888,"#fdca26"],[1.0,"#f0f921"]],"sequentialminus":[[0.0,"#0d0887"],[0.1111111111111111,"#46039f"],[0.2222222222222222,"#7201a8"],[0.3333333333333333,"#9c179e"],[0.4444444444444444,"#bd3786"],[0.5555555555555556,"#d8576b"],[0.6666666666666666,"#ed7953"],[0.7777777777777778,"#fb9f3a"],[0.8888888888888888,"#fdca26"],[1.0,"#f0f921"]],"diverging":[[0,"#8e0152"],[0.1,"#c51b7d"],[0.2,"#de77ae"],[0.3,"#f1b6da"],[0.4,"#fde0ef"],[0.5,"#f7f7f7"],[0.6,"#e6f5d0"],[0.7,"#b8e186"],[0.8,"#7fbc41"],[0.9,"#4d9221"],[1,"#276419"]]},"xaxis":{"gridcolor":"white","linecolor":"white","ticks":"","title":{"standoff":15},"zerolinecolor":"white","automargin":true,"zerolinewidth":2},"yaxis":{"gridcolor":"white","linecolor":"white","ticks":"","title":{"standoff":15},"zerolinecolor":"white","automargin":true,"zerolinewidth":2},"scene":{"xaxis":{"backgroundcolor":"#E5ECF6","gridcolor":"white","linecolor":"white","showbackground":true,"ticks":"","zerolinecolor":"white","gridwidth":2},"yaxis":{"backgroundcolor":"#E5ECF6","gridcolor":"white","linecolor":"white","showbackground":true,"ticks":"","zerolinecolor":"white","gridwidth":2},"zaxis":{"backgroundcolor":"#E5ECF6","gridcolor":"white","linecolor":"white","showbackground":true,"ticks":"","zerolinecolor":"white","gridwidth":2}},"shapedefaults":{"line":{"color":"#2a3f5f"}},"annotationdefaults":{"arrowcolor":"#2a3f5f","arrowhead":0,"arrowwidth":1},"geo":{"bgcolor":"white","landcolor":"#E5ECF6","subunitcolor":"white","showland":true,"showlakes":true,"lakecolor":"white"},"title":{"x":0.05},"mapbox":{"style":"light"}}},"title":{"text":"Interactive Routes - Golden_2.vrp (Cost: 8404.61)"}},                        {"responsive": true}                    )                };            </script>        </div>
  </div>
  <label for='route-select'>Show Routes:</label>
  <select id='route-select' multiple size='10'>
    <option value='1' selected>Route 1</option><option value='2' selected>Route 2</option><option value='3' selected>Route 3</option><option value='4' selected>Route 4</option><option value='5' selected>Route 5</option><option value='6' selected>Route 6</option><option value='7' selected>Route 7</option><option value='8' selected>Route 8</option><option value='9' selected>Route 9</option><option value='10' selected>Route 10</option>
  </select>
  <button id='apply-btn'>Apply</button>
  <script>
    const plotDiv = document.querySelector('.js-plotly-plot');
    document.getElementById('apply-btn').onclick = function() {
      const select = document.getElementById('route-select');
      const chosen = Array.from(select.selectedOptions).map(opt => parseInt(opt.value));
      const update = {visible: []};
      const traces = plotDiv.data;
      traces.forEach(trace => {
        if (trace.name === 'Depot') { update.visible.push(true); }
        else { const num = parseInt(trace.name.split(' ')[1]); update.visible.push(chosen.includes(num)); }
      });
      Plotly.update(plotDiv, update);
    };
  </script>
</body>
</html>
