
<html>
<head>
  <title>Interactive Routes - Golden_8.vrp</title>
  <script src='https://cdn.plot.ly/plotly-latest.min.js'></script>
</head>
<body>
  <h2>CVRP Routes: Golden_8.vrp (Cost: 11635.3)</h2>
  <div id='plot'>
    <div>                        <script type="text/javascript">window.PlotlyConfig = {MathJaxConfig: 'local'};</script>
        <script charset="utf-8" src="https://cdn.plot.ly/plotly-3.0.1.min.js"></script>                <div id="b80acd2c-b62e-4138-b346-bf849f44889b" class="plotly-graph-div" style="height:100%; width:100%;"></div>            <script type="text/javascript">                window.PLOTLYENV=window.PLOTLYENV || {};                                if (document.getElementById("b80acd2c-b62e-4138-b346-bf849f44889b")) {                    Plotly.newPlot(                        "b80acd2c-b62e-4138-b346-bf849f44889b",                        [{"mode":"lines+markers","name":"Route 1","visible":true,"x":[0.0,4.2694,0.0,0.0,8.5389,12.8083,17.0778,21.3472,25.6167,29.8861,0.0,-29.8861,-34.1556,-38.425,-42.6945,0.0,0.0,0.0,34.1556,38.425,42.6944,84.5198,76.0678,67.6158,99.6996,112.162,124.6245,162.1922,145.97301,129.7538,113.5346,87.2371,59.1638,50.7119,42.2599,33.8079,25.3559,16.904,24.9249,32.4384,16.2192,12.4624,8.452,0.0],"y":[0.0,29.6946,30.0,60.0,59.3893,89.0839,118.7786,148.47321,178.16789,207.8625,210.0,207.8625,237.5571,267.2518,296.94641,300.0,270.0,240.0,237.5571,267.2518,296.94641,287.8479,259.06311,230.27831,218.31171,245.6006,272.88959,252.3761,227.1385,201.9008,176.66319,191.02271,201.4935,172.70869,143.924,115.1392,86.3544,57.5696,54.5779,50.4752,25.2376,27.289,28.7848,0.0],"type":"scatter"},{"mode":"lines+markers","name":"Route 2","visible":true,"x":[0.0,-12.4624,-24.9249,-37.3873,-49.8498,-62.3122,-81.0961,-98.2291,-117.8749,-137.52071,-157.1665,-176.81239,-196.45821,-226.7249,-204.0524,-181.3799,-158.7074,-176.66319,-201.9008,-227.1384,-252.37601,-272.88959,-245.6006,-218.31171,-191.02271,-163.7337,-151.4256,-136.0349,-113.3624,-126.188,-100.9504,-90.6899,-78.5833,-64.8769,-48.6577,-58.9375,-68.0175,-75.7128,-50.4752,-45.345,-39.2916,-32.4384,-16.2192,0.0],"y":[0.0,-27.289,-54.5779,-81.8669,-109.1558,-136.44479,-126.188,-113.3624,-136.0349,-158.7074,-181.3799,-204.0524,-226.7249,-196.4583,-176.81239,-157.1666,-137.5208,-113.5346,-129.7538,-145.97301,-162.19231,-124.6245,-112.1621,-99.6996,-87.2372,-74.7747,-97.3154,-117.8749,-98.2291,-81.0961,-64.8769,-78.5833,-90.69,-100.9504,-75.7128,-68.0175,-58.9375,-48.6577,-32.4385,-39.2916,-45.345,-50.4752,-25.2376,0.0],"type":"scatter"},{"mode":"lines+markers","name":"Route 3","visible":true,"x":[0.0,4.2694,0.0,-4.2694,-8.452,-16.9039,-8.5389,0.0,0.0,-12.8083,-25.3559,-33.8079,-17.0778,-21.3472,-42.2599,-50.7118,-74.7747,-97.3153,-113.5346,-129.7538,-145.97301,-162.1922,-124.6245,-112.162,-99.6996,-87.2371,-59.1638,-67.6158,-76.0678,-84.5197,-42.6944,-38.425,-34.1555,-29.8861,-25.6166,0.0,25.6167,21.3472,0.0,0.0,17.0778,12.8083,8.5389,16.904,8.452,0.0],"y":[0.0,-29.6946,-30.0,-29.6946,-28.7848,-57.5696,-59.3893,-60.0,-90.0,-89.0839,-86.3544,-115.1392,-118.7786,-148.47321,-143.924,-172.70869,-163.7338,-151.4256,-176.6633,-201.90089,-227.1385,-252.3761,-272.88959,-245.6006,-218.31171,-191.02271,-201.4935,-230.27831,-259.06311,-287.8479,-296.94641,-267.2518,-237.5571,-207.8625,-178.16789,-180.0,-178.16789,-148.47321,-150.0,-120.0,-118.7786,-89.0839,-59.3893,-57.5696,-28.7848,0.0],"type":"scatter"},{"mode":"lines+markers","name":"Route 4","visible":true,"x":[0.0,19.6458,39.2917,32.4385,48.6577,64.8769,49.8498,62.3123,74.7747,87.2372,113.5346,137.5208,157.1666,176.81239,196.4583,162.19231,145.9731,129.7538,99.6996,112.1621,124.6245,84.5198,76.0678,67.6158,34.1556,38.425,42.6945,0.0,0.0,0.0,0.0,29.8861,59.1639,50.7119,42.2599,33.8079,25.3559,37.3874,24.9249,12.4625,16.2192,0.0],"y":[0.0,-22.6725,-45.345,-50.4752,-75.7128,-100.9504,-109.1558,-136.44479,-163.7337,-191.02271,-176.66319,-158.7074,-181.3799,-204.0524,-226.72479,-252.37601,-227.1384,-201.9008,-218.31171,-245.6006,-272.88959,-287.8479,-259.06311,-230.27831,-237.5571,-267.2518,-296.94641,-300.0,-270.0,-240.0,-210.0,-207.8625,-201.4935,-172.70869,-143.9239,-115.1392,-86.3544,-81.8669,-54.5779,-27.289,-25.2376,0.0],"type":"scatter"},{"mode":"lines+markers","name":"Route 5","visible":true,"x":[0.0,-29.6946,-30.0,-29.6946,-28.7848,-57.5696,-59.3893,-89.0839,-86.3544,-115.1392,-118.7786,-120.0,-118.7786,-115.1392,-143.924,-148.47321,-178.16789,-207.8625,-237.5571,-267.2518,-296.94641,-300.0,-270.0,-240.0,-210.0,-207.8625,-237.5571,-267.2518,-296.94641,-287.8479,-259.06311,-230.27831,-201.4935,-172.70869,-178.16789,-180.0,-150.0,-148.47321,-143.9239,-136.44479,-109.1558,-81.8669,-54.5779,-27.289,-25.2376,-22.6725,-19.6458,0.0],"y":[0.0,4.2694,0.0,-4.2694,-8.452,-16.904,-8.5389,-12.8083,-25.3559,-33.8079,-17.0778,0.0,17.0778,33.8079,42.2599,21.3472,25.6167,29.8861,34.1555,38.425,42.6944,0.0,0.0,0.0,0.0,-29.8861,-34.1556,-38.425,-42.6945,-84.5198,-76.0678,-67.6158,-59.1639,-50.7119,-25.6167,0.0,0.0,-21.3472,-42.2599,-62.3123,-49.8498,-37.3874,-24.9249,-12.4625,-16.2192,-19.6458,-22.6725,0.0],"type":"scatter"},{"mode":"lines+markers","name":"Route 6","visible":true,"x":[0.0,29.6946,28.7848,27.289,25.2376,22.6725,45.345,50.4752,54.5779,81.8669,75.7128,68.0175,90.6899,78.5833,98.2291,113.3624,136.0349,151.4256,163.7338,191.02271,218.31171,245.6006,272.88959,252.3761,227.1385,201.9008,176.66319,158.7074,181.3799,204.0524,226.7249,196.45821,176.81239,157.1666,137.5208,117.8749,97.3153,74.7747,62.3122,81.0961,64.8769,49.8498,37.3873,48.6577,58.9375,39.2916,19.6458,0.0],"y":[0.0,4.2694,8.452,12.4625,16.2192,19.6458,39.2916,32.4384,24.9249,37.3874,48.6577,58.9375,78.5833,90.6899,113.3624,98.2291,117.8749,97.3153,74.7747,87.2372,99.6996,112.1621,124.6245,162.1922,145.97301,129.7538,113.5346,137.5208,157.1666,176.81239,196.45821,226.7249,204.0524,181.3799,158.7074,136.0349,151.4256,163.7338,136.44479,126.188,100.9504,109.1558,81.8669,75.7128,68.0175,45.345,22.6725,0.0],"type":"scatter"},{"mode":"lines+markers","name":"Route 7","visible":true,"x":[0.0,-27.289,-54.5779,-50.4752,-45.345,-39.2916,-32.4385,-48.6577,-58.9375,-68.0175,-75.7128,-100.9504,-90.69,-78.5833,-98.2291,-113.3624,-136.0349,-158.7074,-181.3799,-204.0524,-226.7249,-252.3761,-227.1385,-201.90089,-176.6633,-191.02271,-218.31171,-245.6006,-272.88959,-287.8479,-259.06311,-230.27831,-201.4935,-172.70869,-163.7338,-151.4256,-126.188,-136.44479,-109.1558,-81.8669,-86.3544,-89.0839,-90.0,-60.0,-59.3893,-57.5696,-28.7848,0.0],"y":[0.0,12.4624,24.9249,32.4384,39.2916,45.345,50.4752,75.7128,68.0175,58.9375,48.6577,64.8769,78.5833,90.6899,113.3624,98.2291,117.8749,137.52071,157.1666,176.81239,196.45821,162.1922,145.97301,129.7538,113.5346,87.2371,99.6996,112.162,124.6245,84.5197,76.0678,67.6158,59.1638,50.7118,74.7747,97.3153,81.0961,62.3122,49.8498,37.3873,25.3559,12.8083,0.0,0.0,8.5389,16.9039,8.452,0.0],"type":"scatter"},{"mode":"lines+markers","name":"Route 8","visible":true,"x":[0.0,30.0,29.6946,59.3893,60.0,59.3893,57.5696,86.3544,89.0839,118.7786,115.1392,109.1558,100.9504,126.188,136.44479,143.924,172.70869,201.4935,230.27831,259.06311,287.8479,296.94641,267.2518,237.5571,207.8625,210.0,240.0,270.0,300.0,296.94641,267.2518,237.55721,207.8625,178.16789,180.0,178.16789,148.47321,150.0,148.47321,118.7786,120.0,90.0,89.0839,86.3544,57.5696,28.7848,27.289,0.0],"y":[0.0,0.0,-4.2694,-8.5389,0.0,8.5389,16.904,25.3559,12.8083,17.0778,33.8079,49.8498,64.8769,81.0961,62.3123,42.2599,50.7119,59.1638,67.6158,76.0678,84.5198,42.6945,38.425,34.1556,29.8861,0.0,0.0,0.0,0.0,-42.6944,-38.425,-34.1555,-29.8861,-25.6166,0.0,25.6167,21.3472,0.0,-21.3472,-17.0778,0.0,0.0,-12.8083,-25.3559,-16.9039,-8.452,-12.4624,0.0],"type":"scatter"},{"mode":"lines+markers","name":"Route 9","visible":true,"x":[0.0,-25.2376,-22.6725,-19.6458,-16.2192,-12.4625,-24.9249,-16.904,-25.3559,-37.3874,-49.8498,-64.8769,-81.0961,-62.3123,-74.7747,-97.3154,-117.8749,-137.5208,-157.1666,-176.81239,-196.45821,-162.19231,-145.97301,-129.7538,-113.5346,-87.2372,-99.6996,-112.1621,-124.6245,-84.5198,-76.0678,-67.6158,-59.1638,-50.7119,-25.6167,0.0,0.0,-21.3472,-42.2599,-33.8079,-17.0778,0.0,0.0,-12.8083,-8.5389,-4.2694,-8.452,0.0],"y":[0.0,16.2192,19.6458,22.6725,25.2376,27.289,54.5779,57.5696,86.3544,81.8669,109.1558,100.9504,126.188,136.44479,163.7337,151.4256,136.0349,158.7074,181.3799,204.0524,226.7249,252.3761,227.1384,201.9008,176.66319,191.02271,218.31171,245.6006,272.88959,287.8479,259.06311,230.27831,201.4935,172.70869,178.16789,180.0,150.0,148.47321,143.924,115.1392,118.7786,120.0,90.0,89.0839,59.3893,29.6946,28.7848,0.0],"type":"scatter"},{"mode":"lines+markers","name":"Route 10","visible":true,"x":[0.0,25.2376,50.4752,54.5779,81.8669,75.7128,100.9504,109.1558,115.1392,143.924,136.44479,126.188,151.4256,163.7338,172.70869,201.4935,230.27831,259.06311,287.8479,272.88959,245.60069,218.31171,191.02271,176.6633,201.90089,227.1385,252.3761,226.7249,204.0524,181.3799,158.7074,136.0349,117.875,97.3154,81.0961,98.2291,113.3624,90.69,78.5833,58.9375,68.0175,45.345,22.6725,0.0],"y":[0.0,-16.2192,-32.4384,-24.9249,-37.3873,-48.6577,-64.8769,-49.8498,-33.8079,-42.2599,-62.3122,-81.0961,-97.3153,-74.7747,-50.7118,-59.1638,-67.6158,-76.0677,-84.5197,-124.6245,-112.162,-99.6996,-87.2371,-113.5345,-129.7538,-145.97301,-162.1922,-196.45821,-176.81239,-157.1665,-137.52071,-117.8749,-136.0349,-151.4256,-126.188,-113.3624,-98.2291,-78.5833,-90.6899,-68.0175,-58.9375,-39.2916,-19.6458,0.0],"type":"scatter"},{"marker":{"color":"red","size":12,"symbol":"star"},"mode":"markers","name":"Depot","visible":true,"x":[0.0],"y":[0.0],"type":"scatter"}],                        {"template":{"data":{"histogram2dcontour":[{"type":"histogram2dcontour","colorbar":{"outlinewidth":0,"ticks":""},"colorscale":[[0.0,"#0d0887"],[0.1111111111111111,"#46039f"],[0.2222222222222222,"#7201a8"],[0.3333333333333333,"#9c179e"],[0.4444444444444444,"#bd3786"],[0.5555555555555556,"#d8576b"],[0.6666666666666666,"#ed7953"],[0.7777777777777778,"#fb9f3a"],[0.8888888888888888,"#fdca26"],[1.0,"#f0f921"]]}],"choropleth":[{"type":"choropleth","colorbar":{"outlinewidth":0,"ticks":""}}],"histogram2d":[{"type":"histogram2d","colorbar":{"outlinewidth":0,"ticks":""},"colorscale":[[0.0,"#0d0887"],[0.1111111111111111,"#46039f"],[0.2222222222222222,"#7201a8"],[0.3333333333333333,"#9c179e"],[0.4444444444444444,"#bd3786"],[0.5555555555555556,"#d8576b"],[0.6666666666666666,"#ed7953"],[0.7777777777777778,"#fb9f3a"],[0.8888888888888888,"#fdca26"],[1.0,"#f0f921"]]}],"heatmap":[{"type":"heatmap","colorbar":{"outlinewidth":0,"ticks":""},"colorscale":[[0.0,"#0d0887"],[0.1111111111111111,"#46039f"],[0.2222222222222222,"#7201a8"],[0.3333333333333333,"#9c179e"],[0.4444444444444444,"#bd3786"],[0.5555555555555556,"#d8576b"],[0.6666666666666666,"#ed7953"],[0.7777777777777778,"#fb9f3a"],[0.8888888888888888,"#fdca26"],[1.0,"#f0f921"]]}],"contourcarpet":[{"type":"contourcarpet","colorbar":{"outlinewidth":0,"ticks":""}}],"contour":[{"type":"contour","colorbar":{"outlinewidth":0,"ticks":""},"colorscale":[[0.0,"#0d0887"],[0.1111111111111111,"#46039f"],[0.2222222222222222,"#7201a8"],[0.3333333333333333,"#9c179e"],[0.4444444444444444,"#bd3786"],[0.5555555555555556,"#d8576b"],[0.6666666666666666,"#ed7953"],[0.7777777777777778,"#fb9f3a"],[0.8888888888888888,"#fdca26"],[1.0,"#f0f921"]]}],"surface":[{"type":"surface","colorbar":{"outlinewidth":0,"ticks":""},"colorscale":[[0.0,"#0d0887"],[0.1111111111111111,"#46039f"],[0.2222222222222222,"#7201a8"],[0.3333333333333333,"#9c179e"],[0.4444444444444444,"#bd3786"],[0.5555555555555556,"#d8576b"],[0.6666666666666666,"#ed7953"],[0.7777777777777778,"#fb9f3a"],[0.8888888888888888,"#fdca26"],[1.0,"#f0f921"]]}],"mesh3d":[{"type":"mesh3d","colorbar":{"outlinewidth":0,"ticks":""}}],"scatter":[{"fillpattern":{"fillmode":"overlay","size":10,"solidity":0.2},"type":"scatter"}],"parcoords":[{"type":"parcoords","line":{"colorbar":{"outlinewidth":0,"ticks":""}}}],"scatterpolargl":[{"type":"scatterpolargl","marker":{"colorbar":{"outlinewidth":0,"ticks":""}}}],"bar":[{"error_x":{"color":"#2a3f5f"},"error_y":{"color":"#2a3f5f"},"marker":{"line":{"color":"#E5ECF6","width":0.5},"pattern":{"fillmode":"overlay","size":10,"solidity":0.2}},"type":"bar"}],"scattergeo":[{"type":"scattergeo","marker":{"colorbar":{"outlinewidth":0,"ticks":""}}}],"scatterpolar":[{"type":"scatterpolar","marker":{"colorbar":{"outlinewidth":0,"ticks":""}}}],"histogram":[{"marker":{"pattern":{"fillmode":"overlay","size":10,"solidity":0.2}},"type":"histogram"}],"scattergl":[{"type":"scattergl","marker":{"colorbar":{"outlinewidth":0,"ticks":""}}}],"scatter3d":[{"type":"scatter3d","line":{"colorbar":{"outlinewidth":0,"ticks":""}},"marker":{"colorbar":{"outlinewidth":0,"ticks":""}}}],"scattermap":[{"type":"scattermap","marker":{"colorbar":{"outlinewidth":0,"ticks":""}}}],"scattermapbox":[{"type":"scattermapbox","marker":{"colorbar":{"outlinewidth":0,"ticks":""}}}],"scatterternary":[{"type":"scatterternary","marker":{"colorbar":{"outlinewidth":0,"ticks":""}}}],"scattercarpet":[{"type":"scattercarpet","marker":{"colorbar":{"outlinewidth":0,"ticks":""}}}],"carpet":[{"aaxis":{"endlinecolor":"#2a3f5f","gridcolor":"white","linecolor":"white","minorgridcolor":"white","startlinecolor":"#2a3f5f"},"baxis":{"endlinecolor":"#2a3f5f","gridcolor":"white","linecolor":"white","minorgridcolor":"white","startlinecolor":"#2a3f5f"},"type":"carpet"}],"table":[{"cells":{"fill":{"color":"#EBF0F8"},"line":{"color":"white"}},"header":{"fill":{"color":"#C8D4E3"},"line":{"color":"white"}},"type":"table"}],"barpolar":[{"marker":{"line":{"color":"#E5ECF6","width":0.5},"pattern":{"fillmode":"overlay","size":10,"solidity":0.2}},"type":"barpolar"}],"pie":[{"automargin":true,"type":"pie"}]},"layout":{"autotypenumbers":"strict","colorway":["#636efa","#EF553B","#00cc96","#ab63fa","#FFA15A","#19d3f3","#FF6692","#B6E880","#FF97FF","#FECB52"],"font":{"color":"#2a3f5f"},"hovermode":"closest","hoverlabel":{"align":"left"},"paper_bgcolor":"white","plot_bgcolor":"#E5ECF6","polar":{"bgcolor":"#E5ECF6","angularaxis":{"gridcolor":"white","linecolor":"white","ticks":""},"radialaxis":{"gridcolor":"white","linecolor":"white","ticks":""}},"ternary":{"bgcolor":"#E5ECF6","aaxis":{"gridcolor":"white","linecolor":"white","ticks":""},"baxis":{"gridcolor":"white","linecolor":"white","ticks":""},"caxis":{"gridcolor":"white","linecolor":"white","ticks":""}},"coloraxis":{"colorbar":{"outlinewidth":0,"ticks":""}},"colorscale":{"sequential":[[0.0,"#0d0887"],[0.1111111111111111,"#46039f"],[0.2222222222222222,"#7201a8"],[0.3333333333333333,"#9c179e"],[0.4444444444444444,"#bd3786"],[0.5555555555555556,"#d8576b"],[0.6666666666666666,"#ed7953"],[0.7777777777777778,"#fb9f3a"],[0.8888888888888888,"#fdca26"],[1.0,"#f0f921"]],"sequentialminus":[[0.0,"#0d0887"],[0.1111111111111111,"#46039f"],[0.2222222222222222,"#7201a8"],[0.3333333333333333,"#9c179e"],[0.4444444444444444,"#bd3786"],[0.5555555555555556,"#d8576b"],[0.6666666666666666,"#ed7953"],[0.7777777777777778,"#fb9f3a"],[0.8888888888888888,"#fdca26"],[1.0,"#f0f921"]],"diverging":[[0,"#8e0152"],[0.1,"#c51b7d"],[0.2,"#de77ae"],[0.3,"#f1b6da"],[0.4,"#fde0ef"],[0.5,"#f7f7f7"],[0.6,"#e6f5d0"],[0.7,"#b8e186"],[0.8,"#7fbc41"],[0.9,"#4d9221"],[1,"#276419"]]},"xaxis":{"gridcolor":"white","linecolor":"white","ticks":"","title":{"standoff":15},"zerolinecolor":"white","automargin":true,"zerolinewidth":2},"yaxis":{"gridcolor":"white","linecolor":"white","ticks":"","title":{"standoff":15},"zerolinecolor":"white","automargin":true,"zerolinewidth":2},"scene":{"xaxis":{"backgroundcolor":"#E5ECF6","gridcolor":"white","linecolor":"white","showbackground":true,"ticks":"","zerolinecolor":"white","gridwidth":2},"yaxis":{"backgroundcolor":"#E5ECF6","gridcolor":"white","linecolor":"white","showbackground":true,"ticks":"","zerolinecolor":"white","gridwidth":2},"zaxis":{"backgroundcolor":"#E5ECF6","gridcolor":"white","linecolor":"white","showbackground":true,"ticks":"","zerolinecolor":"white","gridwidth":2}},"shapedefaults":{"line":{"color":"#2a3f5f"}},"annotationdefaults":{"arrowcolor":"#2a3f5f","arrowhead":0,"arrowwidth":1},"geo":{"bgcolor":"white","landcolor":"#E5ECF6","subunitcolor":"white","showland":true,"showlakes":true,"lakecolor":"white"},"title":{"x":0.05},"mapbox":{"style":"light"}}},"title":{"text":"Interactive Routes - Golden_8.vrp (Cost: 11635.3)"}},                        {"responsive": true}                    )                };            </script>        </div>
  </div>
  <label for='route-select'>Show Routes:</label>
  <select id='route-select' multiple size='10'>
    <option value='1' selected>Route 1</option><option value='2' selected>Route 2</option><option value='3' selected>Route 3</option><option value='4' selected>Route 4</option><option value='5' selected>Route 5</option><option value='6' selected>Route 6</option><option value='7' selected>Route 7</option><option value='8' selected>Route 8</option><option value='9' selected>Route 9</option><option value='10' selected>Route 10</option>
  </select>
  <button id='apply-btn'>Apply</button>
  <script>
    const plotDiv = document.querySelector('.js-plotly-plot');
    document.getElementById('apply-btn').onclick = function() {
      const select = document.getElementById('route-select');
      const chosen = Array.from(select.selectedOptions).map(opt => parseInt(opt.value));
      const update = {visible: []};
      const traces = plotDiv.data;
      traces.forEach(trace => {
        if (trace.name === 'Depot') { update.visible.push(true); }
        else { const num = parseInt(trace.name.split(' ')[1]); update.visible.push(chosen.includes(num)); }
      });
      Plotly.update(plotDiv, update);
    };
  </script>
</body>
</html>
